<?xml version="1.0"?><office:document-content xmlns:office="urn:oasis:names:tc:opendocument:xmlns:office:1.0" xmlns:style="urn:oasis:names:tc:opendocument:xmlns:style:1.0" xmlns:text="urn:oasis:names:tc:opendocument:xmlns:text:1.0" xmlns:table="urn:oasis:names:tc:opendocument:xmlns:table:1.0" xmlns:draw="urn:oasis:names:tc:opendocument:xmlns:drawing:1.0" xmlns:fo="urn:oasis:names:tc:opendocument:xmlns:xsl-fo-compatible:1.0" xmlns:xlink="http://www.w3.org/1999/xlink" xmlns:dc="http://purl.org/dc/elements/1.1/" xmlns:meta="urn:oasis:names:tc:opendocument:xmlns:meta:1.0" xmlns:number="urn:oasis:names:tc:opendocument:xmlns:datastyle:1.0" xmlns:svg="urn:oasis:names:tc:opendocument:xmlns:svg-compatible:1.0" xmlns:chart="urn:oasis:names:tc:opendocument:xmlns:chart:1.0" xmlns:dr3d="urn:oasis:names:tc:opendocument:xmlns:dr3d:1.0" xmlns:math="http://www.w3.org/1998/Math/MathML" xmlns:form="urn:oasis:names:tc:opendocument:xmlns:form:1.0" xmlns:script="urn:oasis:names:tc:opendocument:xmlns:script:1.0" xmlns:ooo="http://openoffice.org/2004/office" xmlns:ooow="http://openoffice.org/2004/writer" xmlns:oooc="http://openoffice.org/2004/calc" xmlns:dom="http://www.w3.org/2001/xml-events" xmlns:xforms="http://www.w3.org/2002/xforms" xmlns:xsd="http://www.w3.org/2001/XMLSchema" xmlns:xsi="http://www.w3.org/2001/XMLSchema-instance" xmlns:rpt="http://openoffice.org/2005/report" xmlns:of="urn:oasis:names:tc:opendocument:xmlns:of:1.2" xmlns:xhtml="http://www.w3.org/1999/xhtml" xmlns:grddl="http://www.w3.org/2003/g/data-view#" xmlns:field="urn:openoffice:names:experimental:ooo-ms-interop:xmlns:field:1.0" xmlns:formx="urn:openoffice:names:experimental:ooxml-odf-interop:xmlns:form:1.0"><office:scripts><office:event-listeners><script:event-listener script:language="ooo:script" script:event-name="dom:load" xlink:href="vnd.sun.star.script:Standard.Module1.StartDontForget?language=Basic&amp;location=document" /></office:event-listeners></office:scripts><office:font-face-decls><style:font-face style:name="Times New Roman" svg:font-family="'Times New Roman'" style:font-family-generic="roman" style:font-pitch="variable" /><style:font-face style:name="Yi plus Phonetics" svg:font-family="'Yi plus Phonetics'" /><style:font-face style:name="Arial" svg:font-family="'Arial'" style:font-family-generic="swiss" style:font-pitch="variable" /><style:font-face style:name="Lucida Sans Unicode" svg:font-family="'Lucida Sans Unicode'" style:font-family-generic="system" style:font-pitch="variable" /><style:font-face style:name="MS Mincho" svg:font-family="'MS Mincho'" style:font-family-generic="system" style:font-pitch="variable" /><style:font-face style:name="Tahoma" svg:font-family="'Tahoma'" style:font-family-generic="system" style:font-pitch="variable" /><style:font-face style:name="Scheherazade Graphite Alpha" svg:font-family="'Scheherazade Graphite Alpha'" /><style:font-face style:name="Latha" svg:font-family="'Latha'" /></office:font-face-decls><office:automatic-styles><style:style style:name="P2" style:family="paragraph" style:parent-style-name="copyright_dicBody" style:master-page-name="TableofContents_20_Page"><style:paragraph-properties style:page-number="auto" /></style:style><style:style style:name="P4" style:family="paragraph" style:master-page-name="First_20_Page"><style:paragraph-properties style:page-number="1" /></style:style><style:style style:name="P5" style:family="paragraph" style:parent-style-name="Text"><style:paragraph-properties fo:text-align="center" style:justify-single-word="false" /></style:style><style:style style:name="T4" style:family="text"><style:text-properties text:display="none" /></style:style><style:style style:name="fr0" style:family="graphic" style:parent-style-name="Graphics"><style:graphic-properties style:run-through="background" style:wrap="run-through" style:number-wrapped-paragraphs="no-limit" style:horizontal-pos="center" style:horizontal-rel="paragraph" fo:clip="rect(0pt, 0pt, 0pt, 0pt)" draw:luminance="0%" draw:contrast="0%" draw:red="0%" draw:green="0%" draw:blue="0%" draw:gamma="100%" draw:color-inversion="false" draw:image-opacity="100%" draw:color-mode="standard" /></style:style><style:style style:name="P2" style:family="paragraph" style:parent-style-name="Frame_20_contents"><style:paragraph-properties fo:text-align="end" style:justify-single-word="false" /></style:style><style:style style:name="fr1" style:family="graphic" style:parent-style-name="Frame"><style:graphic-properties style:wrap="none" style:vertical-pos="from-top" style:vertical-rel="page" style:horizontal-pos="center" style:horizontal-rel="paragraph-content" fo:padding="0pt" fo:border="none" style:flow-with-text="false" /></style:style>
  <style:style style:name="Sect_letHead" style:family="section" xmlns:style="urn:oasis:names:tc:opendocument:xmlns:style:1.0">
    <style:section-properties text:dont-balance-text-columns="false" style:editable="false" xmlns:text="urn:oasis:names:tc:opendocument:xmlns:text:1.0">
      <style:columns fo:column-count="1" xmlns:fo="urn:oasis:names:tc:opendocument:xmlns:xsl-fo-compatible:1.0" />
    </style:section-properties>
  </style:style>
</office:automatic-styles><office:body><office:text><text:variable-decls><text:variable-decl office:value-type="string" text:name="Left_Guideword_L" /><text:variable-decl office:value-type="string" text:name="RLeft_Guideword_L" /><text:variable-decl office:value-type="string" text:name="Right_Guideword_R" /><text:variable-decl office:value-type="string" text:name="RRight_Guideword_R" /></text:variable-decls><text:sequence-decls><text:sequence-decl text:display-outline-level="0" text:name="Illustration" /><text:sequence-decl text:display-outline-level="0" text:name="Table" /><text:sequence-decl text:display-outline-level="0" text:name="Text" /><text:sequence-decl text:display-outline-level="0" text:name="Drawing" /></text:sequence-decls><text:p text:style-name="P4" /><text:section text:style-name="Sect_letHead" text:name="Sect_letHead"><text:p text:style-name="letHead_dicBody"><text:span text:style-name="letter_.bzh_letHead_dicBody">Ḳ ḳ</text:span></text:p></text:section><text:p text:style-name="entry_letData_dicBody"><text:span text:style-name="span_.bzh_span_.bzh_mainheadword_entry_letData_dicBody"><text:a text:style-name="span_.bzh_span_.bzh_mainheadword_entry_letData_dicBody" xlink:type="simple" xlink:href="#geeeb02fd-7253-4173-8cb2-f796e58486a5">ḳekén</text:a></text:span><text:span text:style-name="a_.href#geeeb02fd-7253-4173-8cb2-f796e58486a5"><text:variable-set text:name="Left_Guideword_L" text:display="none" text:formula="ooow: " office:value-type="string" office:string-value="" /></text:span><text:span text:style-name="a_.href#geeeb02fd-7253-4173-8cb2-f796e58486a5"><text:variable-set text:name="RLeft_Guideword_L" text:display="none" text:formula="ooow: ḳekén" office:value-type="string" office:string-value="ḳekén" /></text:span><text:span text:style-name="a_.href#geeeb02fd-7253-4173-8cb2-f796e58486a5"><text:variable-set text:name="Right_Guideword_R" text:display="none" text:formula="ooow: " office:value-type="string" office:string-value="" /></text:span><text:span text:style-name="a_.href#geeeb02fd-7253-4173-8cb2-f796e58486a5"><text:variable-set text:name="RRight_Guideword_R" text:display="none" text:formula="ooow: ḳekén" office:value-type="string" office:string-value="ḳekén" /></text:span><text:span /> <text:span text:style-name="mainheadwordst_.bzh_span_.bzh_mainheadword_entry_letData_dicBody"><text:a text:style-name="mainheadwordst_.bzh_span_.bzh_mainheadword_entry_letData_dicBody" xlink:type="simple" xlink:href="#geeeb02fd-7253-4173-8cb2-f796e58486a5">1</text:a></text:span> <text:span text:style-name="span_.bzh-fonipa_form_pronunciation_pronunciations_entry_letData_dicBody">[qə.ˈkɛn]</text:span> <text:span text:style-name="span_.en_mlpartofspeech_morphosyntaxanalysis_sense_sensecontent_senses_entry_letData_dicBody">N</text:span> <text:span text:style-name="span_.en_definitionorgloss_sense_sensecontent_senses_entry_letData_dicBody">the generic term for a garden plant the shoots of which are eaten. Known as highland pitpit .</text:span> <text:span text:style-name="span_.bzh_example_examplescontent_examplescontents_sense_sensecontent_senses_entry_letData_dicBody">Ḳeken nedo ya los heek degwa.</text:span> <text:span text:style-name="span_.bzh_span_.en_translation_translationcontent_translationcontents_examplescontent_examplescontents_sense_sensecontent_senses_entry_letData_dicBody">Ḳeken</text:span> <text:span text:style-name="span_.en_span_.en_translation_translationcontent_translationcontents_examplescontent_examplescontents_sense_sensecontent_senses_entry_letData_dicBody"> grows along the fence.</text:span> <text:span text:style-name="span_.bzh_example_examplescontent_examplescontents_sense_sensecontent_senses_entry_letData_dicBody">Nejom taġee raḳ ḳeken.</text:span> <text:span text:style-name="span_.en_span_.en_translation_translationcontent_translationcontents_examplescontent_examplescontents_sense_sensecontent_senses_entry_letData_dicBody">She dripped the pandanus sauce onto the </text:span><text:span text:style-name="span_.bzh_span_.en_translation_translationcontent_translationcontents_examplescontent_examplescontents_sense_sensecontent_senses_entry_letData_dicBody"> ḳeken.</text:span> <text:span text:style-name="span_.en_scientificname_sense_sensecontent_senses_entry_letData_dicBody">Gramineae, Setaria palmaefolia (Koenig) Stapf.</text:span> <text:span text:style-name="span_.en_abbreviation_semanticdomain_semanticdomains_sense_sensecontent_senses_entry_letData_dicBody">(sem. domains: 1.2.1.1 - </text:span><text:span text:style-name="span_.en_name_semanticdomain_semanticdomains_sense_sensecontent_senses_entry_letData_dicBody">Mountain</text:span><text:span text:style-name="semanticdomains_sense_sensecontent_senses_entry_letData_dicBody">.) </text:span></text:p><text:p text:style-name="entry_letData_dicBody"><text:span text:style-name="span_.bzh_mainheadword_entry_letData_dicBody"><text:a text:style-name="span_.bzh_mainheadword_entry_letData_dicBody" xlink:type="simple" xlink:href="#g2a160ae0-17fc-4cef-b9e8-70ba58d29f6f">ḳelé</text:a></text:span><text:span text:style-name="a_.href#g2a160ae0-17fc-4cef-b9e8-70ba58d29f6f"><text:variable-set text:name="Left_Guideword_L" text:display="none" text:formula="ooow: " office:value-type="string" office:string-value="" /></text:span><text:span text:style-name="a_.href#g2a160ae0-17fc-4cef-b9e8-70ba58d29f6f"><text:variable-set text:name="RLeft_Guideword_L" text:display="none" text:formula="ooow: ḳelé" office:value-type="string" office:string-value="ḳelé" /></text:span><text:span text:style-name="a_.href#g2a160ae0-17fc-4cef-b9e8-70ba58d29f6f"><text:variable-set text:name="Right_Guideword_R" text:display="none" text:formula="ooow: " office:value-type="string" office:string-value="" /></text:span><text:span text:style-name="a_.href#g2a160ae0-17fc-4cef-b9e8-70ba58d29f6f"><text:variable-set text:name="RRight_Guideword_R" text:display="none" text:formula="ooow: ḳelé" office:value-type="string" office:string-value="ḳelé" /></text:span><text:span /> <text:span text:style-name="span_.bzh-fonipa_form_pronunciation_pronunciations_entry_letData_dicBody">[qə.ˈl̪ɛ]</text:span> <text:span text:style-name="span_.en_mlpartofspeech_morphosyntaxanalysis_sharedgrammaticalinfo_senses_entry_letData_dicBody">N</text:span> <text:span text:style-name="sensenumber_sensecontent_senses_entry_letData_dicBody">1) </text:span><text:span text:style-name="span_.en_definitionorgloss_sense_sensecontent_senses_entry_letData_dicBody">the generic term for tree, wood.</text:span> <text:span text:style-name="span_.bzh_example_examplescontent_examplescontents_sense_sensecontent_senses_entry_letData_dicBody">Hur mahen ti neraḳ ḳele.</text:span> <text:span text:style-name="span_.en_translation_translationcontent_translationcontents_examplescontent_examplescontents_sense_sensecontent_senses_entry_letData_dicBody">A child was climbing a tree.</text:span> <text:span text:style-name="span_.en_abbreviation_semanticdomain_semanticdomains_sense_sensecontent_senses_entry_letData_dicBody">(sem. domains: 1.5.1 - </text:span><text:span text:style-name="span_.en_name_semanticdomain_semanticdomains_sense_sensecontent_senses_entry_letData_dicBody">Tree</text:span><text:span text:style-name="semanticdomains_sense_sensecontent_senses_entry_letData_dicBody">.) </text:span><text:span text:style-name="sensenumber_sensecontent_senses_entry_letData_dicBody">2) </text:span><text:span text:style-name="span_.en_definitionorgloss_sense_sensecontent_senses_entry_letData_dicBody">spear.</text:span> <text:span text:style-name="span_.bzh_example_examplescontent_examplescontents_sense_sensecontent_senses_entry_letData_dicBody">Tuk Bul gelu ḳele ya meggurek bël mala.</text:span> <text:span text:style-name="span_.en_translation_translationcontent_translationcontents_examplescontent_examplescontents_sense_sensecontent_senses_entry_letData_dicBody">Tuk Bul threw the spear upstream towards the headwaters.</text:span> <text:span text:style-name="span_.en_abbreviation_semanticdomain_semanticdomains_sense_sensecontent_senses_entry_letData_dicBody">(sem. domains: 4.8.3.7 - </text:span><text:span text:style-name="span_.en_name_semanticdomain_semanticdomains_sense_sensecontent_senses_entry_letData_dicBody">Weapon, shoot</text:span><text:span text:style-name="semanticdomains_sense_sensecontent_senses_entry_letData_dicBody">.) </text:span><text:span text:style-name="span_.bzh_headword_mainentrysubentry_subentry_mainentrysubentries_subentries_entry_letData_dicBody">ḳelé-pu-töḳsën</text:span> <text:span text:style-name="span_.en_abbreviation_complexformtype_complexformtypes_mainentrysubentry_subentry_mainentrysubentries_subentries_entry_letData_dicBody">(Comp.)</text:span> <text:span text:style-name="span_.bzh-fonipa_form_pronunciation_pronunciations_mainentrysubentry_subentry_mainentrysubentries_subentries_entry_letData_dicBody">[qə.ˈl̪ɛ pu ˈtɔq.t͡ʃen]</text:span> <text:span text:style-name="span_.en_mlpartofspeech_morphosyntaxanalysis_sharedgrammaticalinfo_senses_mainentrysubentry_subentry_mainentrysubentries_subentries_entry_letData_dicBody">Nc</text:span> <text:span text:style-name="sensenumber_sensecontent_senses_mainentrysubentry_subentry_mainentrysubentries_subentries_entry_letData_dicBody">1) </text:span><text:span text:style-name="span_.en_definitionorgloss_sense_sensecontent_senses_mainentrysubentry_subentry_mainentrysubentries_subentries_entry_letData_dicBody">myriad, thousands.</text:span> <text:span text:style-name="span_.bzh_example_examplescontent_examplescontents_sense_sensecontent_senses_mainentrysubentry_subentry_mainentrysubentries_subentries_entry_letData_dicBody">Dëtahu nġaa nġahiseḳë raḳ ḳele-pu-töḳsën.</text:span> <text:span text:style-name="span_.en_translation_translationcontent_translationcontents_examplescontent_examplescontents_sense_sensecontent_senses_mainentrysubentry_subentry_mainentrysubentries_subentries_entry_letData_dicBody">They compare a large number of things to the leaves fallen off a tree.</text:span> <text:span text:style-name="sensenumber_sensecontent_senses_mainentrysubentry_subentry_mainentrysubentries_subentries_entry_letData_dicBody">2) </text:span><text:span text:style-name="span_.en_definitionorgloss_sense_sensecontent_senses_mainentrysubentry_subentry_mainentrysubentries_subentries_entry_letData_dicBody">term used for children, male or female, which occur ninth or later in the birth order, i.e beyond the limit of the normal birth order naming system.</text:span> <text:span text:style-name="span_.bzh_example_examplescontent_examplescontents_sense_sensecontent_senses_mainentrysubentry_subentry_mainentrysubentries_subentries_entry_letData_dicBody">Ḳele-pu-töḳsën yiḳ hurmahen avëh los maluh sën ata neḳo menetu videk lubeluu lo.</text:span> <text:span text:style-name="span_.bzh_span_.en_translation_translationcontent_translationcontents_examplescontent_examplescontents_sense_sensecontent_senses_mainentrysubentry_subentry_mainentrysubentries_subentries_entry_letData_dicBody">Ḳele-pu-töḳsën </text:span><text:span text:style-name="span_.en_span_.en_translation_translationcontent_translationcontents_examplescontent_examplescontents_sense_sensecontent_senses_mainentrysubentry_subentry_mainentrysubentries_subentries_entry_letData_dicBody"> are girls or boys whom their mothers have borne ninth (or later).</text:span> <text:span text:style-name="span_.en_ownertypeabbreviation_lexsensereference_lexsensereferences_sense_sensecontent_senses_mainentrysubentry_subentry_mainentrysubentries_subentries_entry_letData_dicBody">Nmc: </text:span><text:span text:style-name="span_.bzh_span_.bzh_headword_configtarget_configtargets_lexsensereference_lexsensereferences_sense_sensecontent_senses_mainentrysubentry_subentry_mainentrysubentries_subentries_entry_letData_dicBody">len</text:span> <text:span text:style-name="headwordst_.bzh_span_.bzh_headword_configtarget_configtargets_lexsensereference_lexsensereferences_sense_sensecontent_senses_mainentrysubentry_subentry_mainentrysubentries_subentries_entry_letData_dicBody">2</text:span> <text:span text:style-name="span_.bzh_headword_configtarget_configtargets_lexsensereference_lexsensereferences_sense_sensecontent_senses_mainentrysubentry_subentry_mainentrysubentries_subentries_entry_letData_dicBody">, pahoov</text:span> <text:span text:style-name="span_.bzh_span_.bzh_headword_configtarget_configtargets_lexsensereference_lexsensereferences_sense_sensecontent_senses_mainentrysubentry_subentry_mainentrysubentries_subentries_entry_letData_dicBody">, tamu</text:span> <text:span text:style-name="headwordst_.bzh_span_.bzh_headword_configtarget_configtargets_lexsensereference_lexsensereferences_sense_sensecontent_senses_mainentrysubentry_subentry_mainentrysubentries_subentries_entry_letData_dicBody">2</text:span> <text:span text:style-name="span_.bzh_headword_configtarget_configtargets_lexsensereference_lexsensereferences_sense_sensecontent_senses_mainentrysubentry_subentry_mainentrysubentries_subentries_entry_letData_dicBody">, sëj</text:span> <text:span text:style-name="span_.bzh_headword_configtarget_configtargets_lexsensereference_lexsensereferences_sense_sensecontent_senses_mainentrysubentry_subentry_mainentrysubentries_subentries_entry_letData_dicBody">, dabi</text:span> <text:span text:style-name="span_.bzh_headword_configtarget_configtargets_lexsensereference_lexsensereferences_sense_sensecontent_senses_mainentrysubentry_subentry_mainentrysubentries_subentries_entry_letData_dicBody">, velëḳ</text:span> <text:span text:style-name="span_.bzh_headword_configtarget_configtargets_lexsensereference_lexsensereferences_sense_sensecontent_senses_mainentrysubentry_subentry_mainentrysubentries_subentries_entry_letData_dicBody">, anii</text:span> <text:span text:style-name="span_.bzh_headword_configtarget_configtargets_lexsensereference_lexsensereferences_sense_sensecontent_senses_mainentrysubentry_subentry_mainentrysubentries_subentries_entry_letData_dicBody">, mewing</text:span> <text:span text:style-name="span_.en_ownertypeabbreviation_lexsensereference_lexsensereferences_sense_sensecontent_senses_mainentrysubentry_subentry_mainentrysubentries_subentries_entry_letData_dicBody">Nmc: </text:span><text:span text:style-name="span_.bzh_headword_configtarget_configtargets_lexsensereference_lexsensereferences_sense_sensecontent_senses_mainentrysubentry_subentry_mainentrysubentries_subentries_entry_letData_dicBody">dahisoong</text:span> <text:span text:style-name="span_.bzh_headword_configtarget_configtargets_lexsensereference_lexsensereferences_sense_sensecontent_senses_mainentrysubentry_subentry_mainentrysubentries_subentries_entry_letData_dicBody">, meggi</text:span> <text:span text:style-name="span_.bzh_headword_configtarget_configtargets_lexsensereference_lexsensereferences_sense_sensecontent_senses_mainentrysubentry_subentry_mainentrysubentries_subentries_entry_letData_dicBody">, bewë</text:span> <text:span text:style-name="span_.bzh_headword_configtarget_configtargets_lexsensereference_lexsensereferences_sense_sensecontent_senses_mainentrysubentry_subentry_mainentrysubentries_subentries_entry_letData_dicBody">, ġuu</text:span> <text:span text:style-name="span_.bzh_headword_configtarget_configtargets_lexsensereference_lexsensereferences_sense_sensecontent_senses_mainentrysubentry_subentry_mainentrysubentries_subentries_entry_letData_dicBody">, see</text:span> <text:span text:style-name="span_.bzh_span_.bzh_headword_configtarget_configtargets_lexsensereference_lexsensereferences_sense_sensecontent_senses_mainentrysubentry_subentry_mainentrysubentries_subentries_entry_letData_dicBody">, gwee</text:span> <text:span text:style-name="headwordst_.bzh_span_.bzh_headword_configtarget_configtargets_lexsensereference_lexsensereferences_sense_sensecontent_senses_mainentrysubentry_subentry_mainentrysubentries_subentries_entry_letData_dicBody">1</text:span> <text:span text:style-name="span_.bzh_headword_configtarget_configtargets_lexsensereference_lexsensereferences_sense_sensecontent_senses_mainentrysubentry_subentry_mainentrysubentries_subentries_entry_letData_dicBody">, amon</text:span> <text:span text:style-name="span_.bzh_headword_configtarget_configtargets_lexsensereference_lexsensereferences_sense_sensecontent_senses_mainentrysubentry_subentry_mainentrysubentries_subentries_entry_letData_dicBody">, aġuu</text:span> <text:span text:style-name="lexsensereferences_sense_sensecontent_senses_mainentrysubentry_subentry_mainentrysubentries_subentries_entry_letData_dicBody">. </text:span><text:span text:style-name="span_.en_abbreviation_semanticdomain_semanticdomains_sense_sensecontent_senses_mainentrysubentry_subentry_mainentrysubentries_subentries_entry_letData_dicBody">(sem. domains: 2.6.4.2 - </text:span><text:span text:style-name="span_.en_name_semanticdomain_semanticdomains_sense_sensecontent_senses_mainentrysubentry_subentry_mainentrysubentries_subentries_entry_letData_dicBody">Child</text:span><text:span text:style-name="semanticdomains_sense_sensecontent_senses_mainentrysubentry_subentry_mainentrysubentries_subentries_entry_letData_dicBody">.) </text:span></text:p></office:text></office:body></office:document-content>