<?xml version="1.0"?>
<office:document-styles xmlns:office="urn:oasis:names:tc:opendocument:xmlns:office:1.0" xmlns:style="urn:oasis:names:tc:opendocument:xmlns:style:1.0" xmlns:text="urn:oasis:names:tc:opendocument:xmlns:text:1.0" xmlns:table="urn:oasis:names:tc:opendocument:xmlns:table:1.0" xmlns:draw="urn:oasis:names:tc:opendocument:xmlns:drawing:1.0" xmlns:fo="urn:oasis:names:tc:opendocument:xmlns:xsl-fo-compatible:1.0" xmlns:xlink="http://www.w3.org/1999/xlink" xmlns:dc="http://purl.org/dc/elements/1.1/" xmlns:meta="urn:oasis:names:tc:opendocument:xmlns:meta:1.0" xmlns:number="urn:oasis:names:tc:opendocument:xmlns:datastyle:1.0" xmlns:svg="urn:oasis:names:tc:opendocument:xmlns:svg-compatible:1.0" xmlns:chart="urn:oasis:names:tc:opendocument:xmlns:chart:1.0" xmlns:dr3d="urn:oasis:names:tc:opendocument:xmlns:dr3d:1.0" xmlns:math="http://www.w3.org/1998/Math/MathML" xmlns:form="urn:oasis:names:tc:opendocument:xmlns:form:1.0" xmlns:script="urn:oasis:names:tc:opendocument:xmlns:script:1.0" xmlns:ooo="http://openoffice.org/2004/office" xmlns:ooow="http://openoffice.org/2004/writer" xmlns:oooc="http://openoffice.org/2004/calc" xmlns:dom="http://www.w3.org/2001/xml-events" xmlns:rpt="http://openoffice.org/2005/report" xmlns:of="urn:oasis:names:tc:opendocument:xmlns:of:1.2" xmlns:xhtml="http://www.w3.org/1999/xhtml" xmlns:grddl="http://www.w3.org/2003/g/data-view#" office:version="1.2" grddl:transformation="http://docs.oasis-open.org/office/1.2/xslt/odf2rdf.xsl">
  <office:font-face-decls>Ignore</office:font-face-decls>
  <office:styles>
    <style:style style:name="dicBody" style:family="paragraph" style:parent-style-name="" />
    <style:style xmlns:style="urn:oasis:names:tc:opendocument:xmlns:style:1.0" style:name="letHead_dicBody" style:family="paragraph" style:parent-style-name="dicBody" />
    <style:style xmlns:style="urn:oasis:names:tc:opendocument:xmlns:style:1.0" style:name="div_letHead_dicBody" style:family="paragraph" style:parent-style-name="letHead_dicBody" />
    <style:style xmlns:style="urn:oasis:names:tc:opendocument:xmlns:style:1.0" style:name="letData_dicBody" style:family="paragraph" style:parent-style-name="dicBody" />
    <style:style xmlns:style="urn:oasis:names:tc:opendocument:xmlns:style:1.0" style:name="entry_letData_dicBody" style:family="paragraph" style:parent-style-name="letData_dicBody" />
    <style:style xmlns:style="urn:oasis:names:tc:opendocument:xmlns:style:1.0" style:name="link_entry_letData_dicBody" style:family="text" style:parent-style-name="entry_letData_dicBody" />
    <style:style xmlns:style="urn:oasis:names:tc:opendocument:xmlns:style:1.0" style:name="a_entry_letData_dicBody" style:family="text" style:parent-style-name="entry_letData_dicBody" />
    <style:style xmlns:style="urn:oasis:names:tc:opendocument:xmlns:style:1.0" style:name="test_.bzh_a_entry_letData_dicBody" style:family="text" style:parent-style-name="a_entry_letData_dicBody">
      <style:text-properties fo:language="zxx" fo:country="none" />
    </style:style>
    <style:style style:name="Empty" style:family="text" style:parent-style-name="none" xmlns:style="urn:oasis:names:tc:opendocument:xmlns:style:1.0" />
    <style:style style:name="hide" style:family="paragraph" style:parent-style-name="Heading_20_9" style:class="text">
      <style:text-properties text:display="true" />
    </style:style>
    <style:style style:name="GuideL" style:family="paragraph" style:parent-style-name="Heading_20_9" style:default-outline-level="9">
      <style:text-properties text:display="true" />
    </style:style>
    <style:style style:name="GuideR" style:family="paragraph" style:parent-style-name="Heading_20_10" style:default-outline-level="10">
      <style:text-properties text:display="true" />
    </style:style>
    <style:style style:name="Header" style:family="paragraph" style:parent-style-name="Standard" style:class="extra" />
    <style:style style:name="h1" style:family="paragraph" style:parent-style-name="none">
      <style:paragraph-properties fo:padding-top="12pt" />
      <style:text-properties fo:font-weight="700" fo:font-size="24pt" />
    </style:style>
    <style:style style:name="h2" style:family="paragraph" style:parent-style-name="none">
      <style:paragraph-properties fo:padding-top="8pt" />
      <style:text-properties fo:font-weight="700" fo:font-size="18pt" />
    </style:style>
    <style:style style:name="h3" style:family="paragraph" style:parent-style-name="none">
      <style:paragraph-properties fo:padding-top="7pt" />
      <style:text-properties fo:font-weight="700" fo:font-size="14pt" />
    </style:style>
    <style:style style:name="h4" style:family="paragraph" style:parent-style-name="none">
      <style:paragraph-properties fo:padding-top="6pt" />
      <style:text-properties fo:font-weight="700" fo:font-size="12pt" />
    </style:style>
    <style:style style:name="h5" style:family="paragraph" style:parent-style-name="none">
      <style:paragraph-properties fo:padding-top="5.5pt" />
      <style:text-properties fo:font-weight="700" fo:font-size="10pt" />
    </style:style>
    <style:style style:name="h6" style:family="paragraph" style:parent-style-name="none">
      <style:paragraph-properties fo:padding-top="5.5pt" />
      <style:text-properties fo:font-weight="700" fo:font-size="8pt" />
    </style:style>
    <style:style style:name="p" style:family="paragraph" style:parent-style-name="none">
      <style:paragraph-properties fo:padding-top="12pt" fo:padding-bottom="12pt" />
    </style:style>
    <style:style style:name="h1" style:family="paragraph" style:parent-style-name="none">
      <style:paragraph-properties fo:margin-top="0.1in" fo:margin-bottom="0.1in" style:line-spacing="100%" />
      <style:text-properties fo:font-weight="700" fo:font-size="24pt" />
    </style:style>
    <style:style style:name="h2" style:family="paragraph" style:parent-style-name="none">
      <style:paragraph-properties fo:margin-top="0.1in" fo:margin-bottom="0.1in" style:line-spacing="100%" />
      <style:text-properties fo:font-weight="700" fo:font-size="18pt" />
    </style:style>
    <style:style style:name="h3" style:family="paragraph" style:parent-style-name="none">
      <style:paragraph-properties fo:margin-top="0.1in" fo:margin-bottom="0.1in" style:line-spacing="100%" />
      <style:text-properties fo:font-weight="700" fo:font-size="14pt" />
    </style:style>
    <style:style style:name="h4" style:family="paragraph" style:parent-style-name="none">
      <style:paragraph-properties fo:margin-top="0.1in" fo:margin-bottom="0.1in" style:line-spacing="100%" />
      <style:text-properties fo:font-weight="700" fo:font-size="12pt" />
    </style:style>
    <style:style style:name="h5" style:family="paragraph" style:parent-style-name="none">
      <style:paragraph-properties fo:margin-top="0.1in" fo:margin-bottom="0.1in" style:line-spacing="100%" />
      <style:text-properties fo:font-weight="700" fo:font-size="10pt" />
    </style:style>
    <style:style style:name="h6" style:family="paragraph" style:parent-style-name="none">
      <style:paragraph-properties fo:margin-top="0.1in" fo:margin-bottom="0.1in" style:line-spacing="100%" />
      <style:text-properties fo:font-weight="700" fo:font-size="8pt" />
    </style:style>
    <text:list-style style:name="ol">
      <text:list-level-style-number text:level="1" text:style-name="Numbering_20_Symbols" style:num-suffix="." style:num-format="1">
        <style:list-level-properties text:list-level-position-and-space-mode="label-alignment">
          <style:list-level-label-alignment text:label-followed-by="listtab" text:list-tab-stop-position="0.5in" fo:text-indent="-0.25in" fo:margin-left="0.5in" />
        </style:list-level-properties>
      </text:list-level-style-number>
    </text:list-style>
    <text:list-style style:name="ul">
      <text:list-level-style-bullet text:level="1" text:style-name="Bullet_20_Symbols" style:num-suffix="." text:bullet-char="•">
        <style:list-level-properties text:list-level-position-and-space-mode="label-alignment">
          <style:list-level-label-alignment text:label-followed-by="listtab" text:list-tab-stop-position="0.5in" fo:text-indent="-0.25in" fo:margin-left="0.5in" />
        </style:list-level-properties>
      </text:list-level-style-bullet>
    </text:list-style>
    <text:list-style style:name="ul">
      <text:list-level-style-bullet text:level="2" text:style-name="Bullet_20_Symbols" style:num-suffix="." text:bullet-char="•">
        <style:list-level-properties text:list-level-position-and-space-mode="label-alignment">
          <style:list-level-label-alignment text:label-followed-by="listtab" text:list-tab-stop-position="0.5in" fo:text-indent="-0.25in" fo:margin-left="1.905cm" />
        </style:list-level-properties>
      </text:list-level-style-bullet>
    </text:list-style>
    <style:style style:name="li" style:family="paragraph" style:parent-style-name="none" style:list-style-name="ol">
      <style:paragraph-properties />
    </style:style>
    <style:style style:name="p" style:family="paragraph" style:parent-style-name="none">
      <style:paragraph-properties fo:margin-top="0.1in" fo:margin-bottom="0.1in" style:line-spacing="100%" />
    </style:style>
    <style:style style:name="a" style:family="text" style:parent-style-name="none">
      <style:text-properties style:text-underline-style="solid" fo:color="#0000ff" />
    </style:style>
    <style:default-style style:family="graphic">
      <style:graphic-properties draw:shadow-offset-x="0.1181in" draw:shadow-offset-y="0.1181in" draw:start-line-spacing-horizontal="0.1114in" draw:start-line-spacing-vertical="0.1114in" draw:end-line-spacing-horizontal="0.1114in" draw:end-line-spacing-vertical="0.1114in" style:flow-with-text="true" />
      <style:paragraph-properties style:text-autospace="ideograph-alpha" style:line-break="strict" style:writing-mode="lr-tb" style:font-independent-line-spacing="false">
        <style:tab-stops />
      </style:paragraph-properties>
      <style:text-properties style:use-window-font-color="true" fo:font-size="12pt" fo:language="none" fo:country="none" style:letter-kerning="true" style:font-size-asian="12pt" style:language-asian="zxx" style:country-asian="none" style:font-size-complex="12pt" style:language-complex="zxx" style:country-complex="none" />
    </style:default-style>
    <style:default-style style:family="paragraph">
      <style:paragraph-properties fo:hyphenation-ladder-count="no-limit" style:text-autospace="ideograph-alpha" style:punctuation-wrap="hanging" style:line-break="strict" style:tab-stop-distance="0.4925in" style:writing-mode="page" />
      <style:text-properties style:use-window-font-color="true" style:font-name="Times New Roman" fo:font-size="12pt" fo:language="none" fo:country="none" style:letter-kerning="true" style:font-name-asian="Times New Roman" style:font-size-asian="12pt" style:language-asian="none" style:country-asian="none" style:font-name-complex="Times New Roman" style:font-size-complex="12pt" style:language-complex="zxx" style:country-complex="none" fo:hyphenate="false" fo:hyphenation-remain-char-count="2" fo:hyphenation-push-char-count="2" />
    </style:default-style>
    <style:default-style style:family="table">
      <style:table-properties table:border-model="collapsing" />
    </style:default-style>
    <style:default-style style:family="table-row">
      <style:table-row-properties fo:keep-together="auto" />
    </style:default-style>
    <style:style style:name="Standard" style:family="paragraph" style:class="text" />
    <style:style style:name="Internet_20_link" style:display-name="Internet link" style:family="text">
      <style:text-properties fo:color="" style:text-line-through-style="none" style:text-underline-style="none" />
    </style:style>
    <style:style style:name="Visited_20_Internet_20_Link" style:display-name="Visited Internet Link" style:family="text">
      <style:text-properties fo:color="" style:text-line-through-style="none" style:text-underline-style="none" />
    </style:style>
    <style:style style:name="block_5f_p" style:display-name="block_p" style:family="paragraph">
      <style:paragraph-properties fo:margin-left="0.1665in" fo:margin-right="0in" fo:line-height="0.2in" fo:text-align="start" style:justify-single-word="false" fo:orphans="2" fo:text-indent="-0.1665in" style:auto-text-indent="false" style:page-number="auto" fo:background-color="transparent" fo:padding-left="0in" fo:padding-right="0in" fo:padding-top="0.0138in" fo:padding-bottom="0.028in" fo:border="none" fo:keep-with-next="always" />
      <style:text-properties text:display="none" />
    </style:style>
    <style:style style:name="Header" style:family="paragraph" style:parent-style-name="headerFontStyleName" style:next-style-name="Text_20_body" style:class="text">
      <style:paragraph-properties fo:margin-top="0.0005in" fo:margin-bottom="0.0835in" fo:padding-bottom="0.0499in" fo:keep-with-next="always" fo:border-bottom="1pt solid #000000" text:number-lines="false" text:line-number="0">
        <style:tab-stops>
          <style:tab-stop style:position="3.4625in" style:type="center" />
          <style:tab-stop style:position="6.925in" style:type="right" />
        </style:tab-stops>
      </style:paragraph-properties>
      <style:text-properties style:font-name="Times New Roman" fo:font-weight="regular" fo:font-size="12pt" />
    </style:style>
    <style:style style:name="Footer" style:family="paragraph" style:parent-style-name="Standard" style:next-style-name="Text_20_body" style:class="text">
      <style:paragraph-properties fo:margin-top="0.0005in" fo:margin-bottom="0.0835in" fo:keep-with-next="always" text:number-lines="false" text:line-number="0">
        <style:tab-stops>
          <style:tab-stop style:position="3.4625in" style:type="center" />
          <style:tab-stop style:position="6.925in" style:type="right" />
        </style:tab-stops>
      </style:paragraph-properties>
    </style:style>
    <style:style style:name="Text_20_body" style:display-name="Text body" style:family="paragraph" style:parent-style-name="Standard" style:class="text">
      <style:paragraph-properties fo:margin-top="0in" fo:margin-bottom="0.0835in" />
    </style:style>
    <style:style style:name="List" style:family="paragraph" style:parent-style-name="Text_20_body" style:class="list">
      <style:text-properties style:font-name-asian="Times New Roman" style:font-name-complex="Times New Roman" />
    </style:style>
    <style:style style:name="Caption" style:family="paragraph" style:parent-style-name="Standard" style:class="extra">
      <style:paragraph-properties fo:margin-top="0.0835in" fo:margin-bottom="0.0835in" text:number-lines="false" text:line-number="0" />
      <style:text-properties fo:font-size="12pt" fo:font-style="italic" style:font-size-asian="12pt" style:font-style-asian="italic" style:font-name-asian="Times New Roman" style:font-name-complex="Times New Roman" style:font-size-complex="12pt" style:font-style-complex="italic" />
    </style:style>
    <style:style style:name="Index" style:family="paragraph" style:parent-style-name="Standard" style:class="index">
      <style:paragraph-properties text:number-lines="false" text:line-number="0" />
      <style:text-properties style:font-name="Times New Roman" style:font-name-asian="Times New Roman" style:font-name-complex="Times New Roman" />
    </style:style>
    <style:style style:name="Frame_20_contents" style:display-name="Frame contents" style:family="paragraph" style:parent-style-name="headerFontStyleName" style:class="extra">
      <style:paragraph-properties fo:text-align="center" style:justify-single-word="false" />
      <style:text-properties style:font-name="Times New Roman" fo:font-weight="regular" fo:font-size="12pt" />
    </style:style>
    <style:style style:name="Contents_20_Heading" style:display-name="Contents Heading" style:family="paragraph" style:parent-style-name="Heading" style:class="index">
      <style:paragraph-properties fo:margin="100%" fo:margin-left="0in" fo:text-indent="0in" fo:margin-right="0in" style:auto-text-indent="false" text:number-lines="false" text:line-number="0" />
      <style:text-properties fo:font-size="16pt" fo:font-weight="bold" fo:font-size-asian="16pt" fo:font-weight-asian="bold" fo:font-size-complex="16pt" fo:font-weight-complex="bold" />
    </style:style>
    <style:style style:name="Contents_20_1" style:display-name="Contents 1" style:family="paragraph" style:class="index">
      <style:paragraph-properties fo:margin="100%" fo:margin-left="0in" fo:text-indent="0in" fo:margin-right="0in" style:auto-text-indent="false">
        <style:tab-stops>
          <style:tab-stop style:position="4.8028in" style:type="right" style:leader-style="dotted" style:leader-text="." />
        </style:tab-stops>
      </style:paragraph-properties>
      <style:text-properties style:font-name="Times New Roman" fo:language="zxx" fo:country="none" style:font-name-complex="Times New Roman" />
    </style:style>
    <style:style style:name="Graphics" style:family="graphic">
      <style:graphic-properties text:anchor-type="paragraph" svg:x="0in" svg:y="0in" style:mirror="none" fo:clip="rect(0in 0in 0in 0in)" draw:luminance="0%" draw:contrast="0%" draw:red="0%" draw:green="0%" draw:blue="0%" draw:gamma="100%" draw:color-inversion="false" draw:image-opacity="100%" draw:color-mode="standard" style:wrap="none" style:vertical-pos="top" style:vertical-rel="paragraph" style:horizontal-pos="center" style:horizontal-rel="paragraph" />
    </style:style>
    <style:style style:name="GraphicsI1" style:family="graphic" style:parent-style-name="Graphics1">
      <style:graphic-properties style:vertical-pos="bottom" style:vertical-rel="page-content" style:horizontal-pos="center" style:horizontal-rel="page" />
    </style:style>
    <style:style style:name="GraphicsI2" style:family="graphic" style:parent-style-name="Graphics1">
      <style:graphic-properties style:vertical-pos="from-top" style:vertical-rel="paragraph" style:horizontal-pos="center" style:horizontal-rel="paragraph" style:mirror="none" fo:clip="rect(0in 0in 0in 0in)" draw:luminance="0%" draw:contrast="0%" draw:red="0%" draw:green="0%" draw:blue="0%" draw:gamma="100%" draw:color-inversion="false" draw:image-opacity="100%" draw:color-mode="standard" />
    </style:style>
    <style:style style:name="Frame" style:family="graphic" style:parent-style-name="Graphics">
      <style:graphic-properties text:anchor-type="paragraph" style:wrap="parallel" style:number-wrapped-paragraphs="no-limit" style:wrap-contour="false" style:vertical-pos="top" style:vertical-rel="paragraph-content" style:horizontal-pos="center" style:horizontal-rel="paragraph-content" style:flow-with-text="false" />
    </style:style>
    <text:outline-style>
      <text:outline-level-style text:level="1" style:num-format="">
        <style:list-level-properties text:min-label-distance="0.15in" />
      </text:outline-level-style>
      <text:outline-level-style text:level="2" style:num-format="">
        <style:list-level-properties text:min-label-distance="0.15in" />
      </text:outline-level-style>
      <text:outline-level-style text:level="3" style:num-format="">
        <style:list-level-properties text:min-label-distance="0.15in" />
      </text:outline-level-style>
      <text:outline-level-style text:level="4" style:num-format="">
        <style:list-level-properties text:min-label-distance="0.15in" />
      </text:outline-level-style>
      <text:outline-level-style text:level="5" style:num-format="">
        <style:list-level-properties text:min-label-distance="0.15in" />
      </text:outline-level-style>
      <text:outline-level-style text:level="6" style:num-format="">
        <style:list-level-properties text:min-label-distance="0.15in" />
      </text:outline-level-style>
      <text:outline-level-style text:level="7" style:num-format="">
        <style:list-level-properties text:min-label-distance="0.15in" />
      </text:outline-level-style>
      <text:outline-level-style text:level="8" style:num-format="">
        <style:list-level-properties text:min-label-distance="0.15in" />
      </text:outline-level-style>
      <text:outline-level-style text:level="9" style:num-format="">
        <style:list-level-properties text:min-label-distance="0.15in" />
      </text:outline-level-style>
      <text:outline-level-style text:level="10" style:num-format="">
        <style:list-level-properties text:min-label-distance="0.15in" />
      </text:outline-level-style>
    </text:outline-style>
    <text:notes-configuration text:note-class="endnote" style:num-format="i" text:start-value="0" />
    <text:linenumbering-configuration text:number-lines="false" text:offset="0.1965in" style:num-format="1" text:number-position="left" text:increment="5" />
  </office:styles>
  <office:automatic-styles>
    <style:style style:name="PageHeaderFooter0" style:family="text">
      <style:text-properties />
    </style:style>
    <style:style style:name="PageHeaderFooter1" style:family="text">
      <style:text-properties />
    </style:style>
    <style:style style:name="PageHeaderFooter2" style:family="text">
      <style:text-properties />
    </style:style>
    <style:style style:name="PageHeaderFooter3" style:family="text">
      <style:text-properties />
    </style:style>
    <style:style style:name="PageHeaderFooter4" style:family="text">
      <style:text-properties />
    </style:style>
    <style:style style:name="PageHeaderFooter5" style:family="text">
      <style:text-properties />
    </style:style>
    <style:style style:name="PageHeaderFooter12" style:family="text">
      <style:text-properties />
    </style:style>
    <style:style style:name="PageHeaderFooter13" style:family="text">
      <style:text-properties />
    </style:style>
    <style:style style:name="PageHeaderFooter14" style:family="text">
      <style:text-properties />
    </style:style>
    <style:style style:name="PageHeaderFooter15" style:family="text">
      <style:text-properties />
    </style:style>
    <style:style style:name="PageHeaderFooter16" style:family="text">
      <style:text-properties />
    </style:style>
    <style:style style:name="PageHeaderFooter17" style:family="text">
      <style:text-properties />
    </style:style>
    <style:style style:name="PageHeaderFooter18" style:family="text">
      <style:text-properties />
    </style:style>
    <style:style style:name="PageHeaderFooter19" style:family="text">
      <style:text-properties />
    </style:style>
    <style:style style:name="PageHeaderFooter20" style:family="text">
      <style:text-properties />
    </style:style>
    <style:style style:name="PageHeaderFooter21" style:family="text">
      <style:text-properties />
    </style:style>
    <style:style style:name="PageHeaderFooter22" style:family="text">
      <style:text-properties />
    </style:style>
    <style:style style:name="PageHeaderFooter23" style:family="text">
      <style:text-properties />
    </style:style>
    <style:style style:name="MP1" style:family="paragraph" style:parent-style-name="Frame_20_contents">
      <style:paragraph-properties fo:text-align="start" style:justify-single-word="false" />
    </style:style>
    <style:style style:name="MT1" style:family="text">
      <style:text-properties style:font-name="Times New Roman" style:font-name-asian="Times New Roman" style:font-name-complex="Times New Roman" fo:font-size="12pt" />
    </style:style>
    <style:style style:name="MT2" style:family="text">
      <style:text-properties style:font-name="Times New Roman" style:font-name-asian="Times New Roman" style:font-name-complex="Times New Roman" fo:font-size="12pt" />
    </style:style>
    <style:style style:name="MT3" style:family="text">
      <style:text-properties style:font-name="Charis SIL" style:font-name-asian="Charis SIL" style:font-name-complex="Charis SIL" fo:font-size="12pt" />
    </style:style>
    <style:style style:name="Mfr1" style:family="graphic" style:parent-style-name="Frame">
      <style:graphic-properties style:vertical-pos="from-top" style:vertical-rel="page" style:horizontal-pos="left" style:horizontal-rel="paragraph" fo:background-color="transparent" style:background-transparency="100%" fo:padding="0in" fo:border="none" style:shadow="none" style:flow-with-text="false" draw:textarea-vertical-align="middle">
        <style:background-image />
        <style:columns fo:column-count="1" fo:column-gap="0in" />
      </style:graphic-properties>
    </style:style>
    <style:style style:name="Mfr3" style:family="graphic" style:parent-style-name="Frame">
      <style:graphic-properties style:vertical-pos="from-top" style:vertical-rel="page" style:horizontal-pos="center" style:horizontal-rel="paragraph" fo:background-color="transparent" style:background-transparency="100%" fo:padding="0in" fo:border="none" style:shadow="none" style:flow-with-text="false">
        <style:background-image />
        <style:columns fo:column-count="1" fo:column-gap="0in" />
      </style:graphic-properties>
    </style:style>
    <style:page-layout style:name="pm1">
      <style:page-layout-properties fo:page-height="792pt" fo:page-width="612pt" fo:margin-left="56.7pt" fo:margin-right="56.7pt" fo:margin-top="56.7pt" fo:margin-bottom="56.7pt">
        <style:footnote-sep style:distance-before-sep="0.0398in" style:distance-after-sep="0.0398in" style:color="#000000" style:adjustment="centre" style:rel-width="100%" />
      </style:page-layout-properties>
      <style:header-style />
      <style:footer-style />
    </style:page-layout>
    <style:page-layout style:name="pm2">
      <style:page-layout-properties fo:page-height="792pt" fo:page-width="612pt" fo:margin-left="56.7pt" fo:margin-right="56.7pt" fo:margin-top="56.7pt" fo:margin-bottom="56.7pt">
        <style:background-image />
      </style:page-layout-properties>
      <style:header-style>
        <style:header-footer-properties fo:margin-bottom="14.21pt" fo:min-height="28.42pt" fo:margin-left="0pt" fo:margin-right="0pt" style:dynamic-spacing="false" />
      </style:header-style>
      <style:footer-style>
        <style:header-footer-properties fo:margin-bottom="0.0pt" fo:min-height="0.0pt" fo:margin-left="0pt" fo:margin-right="0pt" style:dynamic-spacing="false" />
      </style:footer-style>
    </style:page-layout>
    <style:page-layout style:name="pm3">
      <style:page-layout-properties fo:page-height="792pt" fo:page-width="612pt" fo:margin-left="56.7pt" fo:margin-right="56.7pt" fo:margin-top="56.7pt" fo:margin-bottom="56.7pt">
        <style:background-image />
        <style:footnote-sep style:distance-before-sep="0.0398in" style:distance-after-sep="0.0398in" style:color="#000000" style:adjustment="centre" style:rel-width="100%" />
      </style:page-layout-properties>
      <style:header-style>
        <style:header-footer-properties fo:margin-bottom="14.21pt" fo:min-height="28.42pt" fo:margin-left="0pt" fo:margin-right="0pt" style:dynamic-spacing="false" />
      </style:header-style>
      <style:footer-style>
        <style:header-footer-properties fo:margin-bottom="0.0pt" fo:min-height="0.0pt" fo:margin-left="0pt" fo:margin-right="0pt" style:dynamic-spacing="false" />
      </style:footer-style>
    </style:page-layout>
    <style:page-layout style:name="pm6">
      <style:page-layout-properties fo:page-height="792pt" fo:page-width="612pt" fo:margin-left="56.7pt" fo:margin-right="56.7pt" fo:margin-top="56.7pt" fo:margin-bottom="56.7pt">
        <style:background-image />
        <style:footnote-sep style:distance-before-sep="0.0398in" style:distance-after-sep="0.0398in" style:color="#000000" style:adjustment="centre" style:rel-width="100%" />
      </style:page-layout-properties>
      <style:header-style />
      <style:footer-style>
        <style:header-footer-properties fo:margin-bottom="0.0pt" fo:min-height="0.0pt" fo:margin-left="0pt" fo:margin-right="0pt" style:dynamic-spacing="false" />
      </style:footer-style>
    </style:page-layout>
    <style:page-layout style:name="pm12">
      <style:page-layout-properties fo:page-height="792pt" fo:page-width="612pt" fo:margin-left="56.7pt" fo:margin-right="56.7pt" fo:margin-top="56.7pt" fo:margin-bottom="56.7pt" />
    </style:page-layout>
    <style:page-layout style:name="pm13">
      <style:page-layout-properties fo:page-height="792pt" fo:page-width="612pt" fo:margin-left="56.7pt" fo:margin-right="56.7pt" fo:margin-top="56.7pt" fo:margin-bottom="56.7pt" />
    </style:page-layout>
    <style:page-layout style:name="MasterPageOnRight" style:page-usage="right">
      <style:page-layout-properties fo:page-height="792pt" fo:page-width="612pt" fo:margin-left="56.7pt" fo:margin-right="56.7pt" fo:margin-top="56.7pt" fo:margin-bottom="56.7pt">
        <style:background-image />
        <style:footnote-sep style:distance-before-sep="0.0398in" style:distance-after-sep="0.0398in" style:color="#000000" style:adjustment="centre" style:rel-width="100%" />
      </style:page-layout-properties>
    </style:page-layout>
    <style:page-layout style:name="MasterPageOnLeft" style:page-usage="left">
      <style:page-layout-properties fo:page-height="792pt" fo:page-width="612pt" fo:margin-left="56.7pt" fo:margin-right="56.7pt" fo:margin-top="56.7pt" fo:margin-bottom="56.7pt">
        <style:background-image />
        <style:footnote-sep style:distance-before-sep="0.0398in" style:distance-after-sep="0.0398in" style:color="#000000" style:adjustment="centre" style:rel-width="100%" />
      </style:page-layout-properties>
    </style:page-layout>
  </office:automatic-styles>
  <office:master-styles>
    <style:master-page style:name="Standard" style:page-layout-name="pm1" />
    <style:master-page style:name="Cover_20_Page" style:display-name="Cover Page" style:next-style-name="Title_20_Page" style:page-layout-name="pm1" />
    <style:master-page style:name="Dummy_20_Page" style:display-name="Dummy Page" style:next-style-name="Title_20_Page" style:page-layout-name="pm12" />
    <style:master-page style:name="Title_20_Page" style:display-name="Title Page" style:next-style-name="TableofContents_20_Page" style:page-layout-name="MasterPageOnRight" />
    <style:master-page style:name="Dummy_20_Page" style:display-name="Dummy Page" style:next-style-name="TableofContents_20_Page" style:page-layout-name="pm12" />
    <style:master-page style:name="TableofContents_20_Page" style:display-name="TableofContents Page" style:next-style-name="First_20_Page" style:page-layout-name="MasterPageOnRight">
      <style:footer>
        <text:p text:style-name="Footer">
          <text:tab />
          <text:page-number style:num-format="i" text:select-page="current">xv</text:page-number>
        </text:p>
      </style:footer>
    </style:master-page>
    <style:master-page style:name="Dummy_20_Page" style:display-name="Dummy Page" style:next-style-name="First_20_Page" style:page-layout-name="pm12" />
    <style:master-page style:name="First_20_Page" style:display-name="First Page" style:next-style-name="XHTML" style:page-layout-name="MasterPageOnRight" />
    <style:master-page style:name="XHTML" style:page-layout-name="pm2" style:next-style-name="XHTML" />
  </office:master-styles>
</office:document-styles>