<?xml version="1.0"?><office:document-content xmlns:office="urn:oasis:names:tc:opendocument:xmlns:office:1.0" xmlns:style="urn:oasis:names:tc:opendocument:xmlns:style:1.0" xmlns:text="urn:oasis:names:tc:opendocument:xmlns:text:1.0" xmlns:table="urn:oasis:names:tc:opendocument:xmlns:table:1.0" xmlns:draw="urn:oasis:names:tc:opendocument:xmlns:drawing:1.0" xmlns:fo="urn:oasis:names:tc:opendocument:xmlns:xsl-fo-compatible:1.0" xmlns:xlink="http://www.w3.org/1999/xlink" xmlns:dc="http://purl.org/dc/elements/1.1/" xmlns:meta="urn:oasis:names:tc:opendocument:xmlns:meta:1.0" xmlns:number="urn:oasis:names:tc:opendocument:xmlns:datastyle:1.0" xmlns:svg="urn:oasis:names:tc:opendocument:xmlns:svg-compatible:1.0" xmlns:chart="urn:oasis:names:tc:opendocument:xmlns:chart:1.0" xmlns:dr3d="urn:oasis:names:tc:opendocument:xmlns:dr3d:1.0" xmlns:math="http://www.w3.org/1998/Math/MathML" xmlns:form="urn:oasis:names:tc:opendocument:xmlns:form:1.0" xmlns:script="urn:oasis:names:tc:opendocument:xmlns:script:1.0" xmlns:ooo="http://openoffice.org/2004/office" xmlns:ooow="http://openoffice.org/2004/writer" xmlns:oooc="http://openoffice.org/2004/calc" xmlns:dom="http://www.w3.org/2001/xml-events" xmlns:xforms="http://www.w3.org/2002/xforms" xmlns:xsd="http://www.w3.org/2001/XMLSchema" xmlns:xsi="http://www.w3.org/2001/XMLSchema-instance" xmlns:rpt="http://openoffice.org/2005/report" xmlns:of="urn:oasis:names:tc:opendocument:xmlns:of:1.2" xmlns:xhtml="http://www.w3.org/1999/xhtml" xmlns:grddl="http://www.w3.org/2003/g/data-view#" xmlns:field="urn:openoffice:names:experimental:ooo-ms-interop:xmlns:field:1.0" xmlns:formx="urn:openoffice:names:experimental:ooxml-odf-interop:xmlns:form:1.0"><office:scripts><office:event-listeners><script:event-listener script:language="ooo:script" script:event-name="dom:load" xlink:href="vnd.sun.star.script:Standard.Module1.StartDontForget?language=Basic&amp;location=document" /></office:event-listeners></office:scripts><office:font-face-decls><style:font-face style:name="Times New Roman" svg:font-family="'Times New Roman'" style:font-family-generic="roman" style:font-pitch="variable" /><style:font-face style:name="Yi plus Phonetics" svg:font-family="'Yi plus Phonetics'" /><style:font-face style:name="Arial" svg:font-family="'Arial'" style:font-family-generic="swiss" style:font-pitch="variable" /><style:font-face style:name="Lucida Sans Unicode" svg:font-family="'Lucida Sans Unicode'" style:font-family-generic="system" style:font-pitch="variable" /><style:font-face style:name="MS Mincho" svg:font-family="'MS Mincho'" style:font-family-generic="system" style:font-pitch="variable" /><style:font-face style:name="Tahoma" svg:font-family="'Tahoma'" style:font-family-generic="system" style:font-pitch="variable" /><style:font-face style:name="Scheherazade Graphite Alpha" svg:font-family="'Scheherazade Graphite Alpha'" /><style:font-face style:name="Latha" svg:font-family="'Latha'" /></office:font-face-decls><office:automatic-styles><style:style style:name="P2" style:family="paragraph" style:parent-style-name="copyright_dicBody" style:master-page-name="TableofContents_20_Page"><style:paragraph-properties style:page-number="auto" /></style:style><style:style style:name="P4" style:family="paragraph" style:master-page-name="First_20_Page"><style:paragraph-properties style:page-number="1" /></style:style><style:style style:name="P5" style:family="paragraph" style:parent-style-name="Text"><style:paragraph-properties fo:text-align="center" style:justify-single-word="false" /></style:style><style:style style:name="T4" style:family="text"><style:text-properties text:display="none" /></style:style><style:style style:name="fr0" style:family="graphic" style:parent-style-name="Graphics"><style:graphic-properties style:run-through="background" style:wrap="run-through" style:number-wrapped-paragraphs="no-limit" style:horizontal-pos="center" style:horizontal-rel="paragraph" fo:clip="rect(0pt, 0pt, 0pt, 0pt)" draw:luminance="0%" draw:contrast="0%" draw:red="0%" draw:green="0%" draw:blue="0%" draw:gamma="100%" draw:color-inversion="false" draw:image-opacity="100%" draw:color-mode="standard" /></style:style><style:style style:name="P2" style:family="paragraph" style:parent-style-name="Frame_20_contents"><style:paragraph-properties fo:text-align="end" style:justify-single-word="false" /></style:style><style:style style:name="fr1" style:family="graphic" style:parent-style-name="Frame"><style:graphic-properties style:wrap="none" style:vertical-pos="from-top" style:vertical-rel="page" style:horizontal-pos="center" style:horizontal-rel="paragraph-content" fo:padding="0pt" fo:border="none" style:flow-with-text="false" /></style:style>
  <style:style style:name="Sect_letHead" style:family="section" xmlns:style="urn:oasis:names:tc:opendocument:xmlns:style:1.0">
    <style:section-properties text:dont-balance-text-columns="false" style:editable="false" xmlns:text="urn:oasis:names:tc:opendocument:xmlns:text:1.0">
      <style:columns fo:column-count="1" xmlns:fo="urn:oasis:names:tc:opendocument:xmlns:xsl-fo-compatible:1.0" />
    </style:section-properties>
  </style:style>

  <style:style style:name="Sect_letData" style:family="section" xmlns:style="urn:oasis:names:tc:opendocument:xmlns:style:1.0">
    <style:section-properties text:dont-balance-text-columns="false" style:editable="false" xmlns:text="urn:oasis:names:tc:opendocument:xmlns:text:1.0">
      <style:columns fo:column-count="1" xmlns:fo="urn:oasis:names:tc:opendocument:xmlns:xsl-fo-compatible:1.0">
        <style:column-sep style:width="1pt" style:color="#808080" />
      </style:columns>
    </style:section-properties>
  </style:style>

  <style:style style:name="Sect_revData" style:family="section" xmlns:style="urn:oasis:names:tc:opendocument:xmlns:style:1.0">
    <style:section-properties text:dont-balance-text-columns="false" style:editable="false" xmlns:text="urn:oasis:names:tc:opendocument:xmlns:text:1.0">
      <style:columns fo:column-count="1" xmlns:fo="urn:oasis:names:tc:opendocument:xmlns:xsl-fo-compatible:1.0">
        <style:column-sep style:width="1pt" style:color="#808080" />
      </style:columns>
    </style:section-properties>
  </style:style>
</office:automatic-styles><office:body><office:text><text:variable-decls><text:variable-decl office:value-type="string" text:name="Left_Guideword_L" /><text:variable-decl office:value-type="string" text:name="RLeft_Guideword_L" /><text:variable-decl office:value-type="string" text:name="Right_Guideword_R" /><text:variable-decl office:value-type="string" text:name="RRight_Guideword_R" /></text:variable-decls><text:sequence-decls><text:sequence-decl text:display-outline-level="0" text:name="Illustration" /><text:sequence-decl text:display-outline-level="0" text:name="Table" /><text:sequence-decl text:display-outline-level="0" text:name="Text" /><text:sequence-decl text:display-outline-level="0" text:name="Drawing" /></text:sequence-decls><text:p text:style-name="P4" /><text:section text:style-name="Sect_letHead" text:name="Sect_letHead"><text:p text:style-name="letHead_dicBody"><text:span text:style-name="letter_.fr_letHead_dicBody">C c</text:span></text:p></text:section><text:section text:style-name="Sect_letData" text:name="Sect_letData"><text:p text:style-name="entry_letData_dicBody"><text:span text:style-name="span_.fr_mainheadword_entry_letData_dicBody"><text:a text:style-name="span_.fr_mainheadword_entry_letData_dicBody" xlink:type="simple" xlink:href="#g296f919e-c9bf-4867-a9da-11606e545274">chat</text:a></text:span><text:span text:style-name="a_.href#g296f919e-c9bf-4867-a9da-11606e545274"><text:variable-set text:name="Left_Guideword_L" text:display="none" text:formula="ooow: " office:value-type="string" office:string-value="" /></text:span><text:span text:style-name="a_.href#g296f919e-c9bf-4867-a9da-11606e545274"><text:variable-set text:name="RLeft_Guideword_L" text:display="none" text:formula="ooow: chat" office:value-type="string" office:string-value="chat" /></text:span><text:span text:style-name="a_.href#g296f919e-c9bf-4867-a9da-11606e545274"><text:variable-set text:name="Right_Guideword_R" text:display="none" text:formula="ooow: " office:value-type="string" office:string-value="" /></text:span><text:span text:style-name="a_.href#g296f919e-c9bf-4867-a9da-11606e545274"><text:variable-set text:name="RRight_Guideword_R" text:display="none" text:formula="ooow: chat" office:value-type="string" office:string-value="chat" /></text:span><text:span /><text:s text:c="1" /><text:span text:style-name="span_.en_partofspeech_morphosyntaxanalysis_sharedgrammaticalinfo_senses_entry_letData_dicBody">n</text:span><text:s text:c="1" /></text:p><text:p text:style-name="sensecontent_senses_entry_letData_dicBody"><text:span text:style-name="sensenumber_sensecontent_senses_entry_letData_dicBody">1</text:span><text:span text:style-name="span_sensenumber_sensecontent_senses_entry_letData_dicBody">) </text:span><text:span text:style-name="span_.en_definitionorgloss_sense_sensecontent_senses_entry_letData_dicBody">cat</text:span><text:s text:c="1" /></text:p><text:p text:style-name="sensecontent_senses_entry_letData_dicBody"><text:span text:style-name="sensenumber_sensecontent_senses_entry_letData_dicBody">2</text:span><text:span text:style-name="span_sensenumber_sensecontent_senses_entry_letData_dicBody">) </text:span><text:span text:style-name="span_.en_definitionorgloss_sense_sensecontent_senses_entry_letData_dicBody">feline</text:span><text:s text:c="1" /></text:p></text:section><text:section text:style-name="Sect_letHead" text:name="Sect_letHead"><text:p text:style-name="letHead_dicBody"><text:span text:style-name="letter_.fr_letHead_dicBody">D d</text:span></text:p></text:section><text:section text:style-name="Sect_letData" text:name="Sect_letData"><text:p text:style-name="entry_letData_dicBody"><text:span text:style-name="span_.fr_mainheadword_entry_letData_dicBody"><text:a text:style-name="span_.fr_mainheadword_entry_letData_dicBody" xlink:type="simple" xlink:href="#g8b269e17-afa3-46c4-bf60-3f1ddaf7a279">discours</text:a></text:span><text:span text:style-name="a_.href#g8b269e17-afa3-46c4-bf60-3f1ddaf7a279"><text:variable-set text:name="Left_Guideword_L" text:display="none" text:formula="ooow: " office:value-type="string" office:string-value="" /></text:span><text:span text:style-name="a_.href#g8b269e17-afa3-46c4-bf60-3f1ddaf7a279"><text:variable-set text:name="RLeft_Guideword_L" text:display="none" text:formula="ooow: discours" office:value-type="string" office:string-value="discours" /></text:span><text:span text:style-name="a_.href#g8b269e17-afa3-46c4-bf60-3f1ddaf7a279"><text:variable-set text:name="Right_Guideword_R" text:display="none" text:formula="ooow: " office:value-type="string" office:string-value="" /></text:span><text:span text:style-name="a_.href#g8b269e17-afa3-46c4-bf60-3f1ddaf7a279"><text:variable-set text:name="RRight_Guideword_R" text:display="none" text:formula="ooow: discours" office:value-type="string" office:string-value="discours" /></text:span><text:span /><text:s text:c="1" /></text:p><text:p text:style-name="sensecontent_senses_entry_letData_dicBody"><text:span text:style-name="span_.en_partofspeech_morphosyntaxanalysis_sense_sensecontent_senses_entry_letData_dicBody">n</text:span><text:s text:c="1" /><text:span text:style-name="span_.en_definitionorgloss_sense_sensecontent_senses_entry_letData_dicBody">speech</text:span><text:s text:c="1" /></text:p><text:p text:style-name="mainentrysubentry_subentry_mainentrysubentries_subentries_entry_letData_dicBody"><text:span text:style-name="span_.fr_headword_mainentrysubentry_subentry_mainentrysubentries_subentries_entry_letData_dicBody"><text:a text:style-name="span_.fr_headword_mainentrysubentry_subentry_mainentrysubentries_subentries_entry_letData_dicBody" xlink:type="simple" xlink:href="#g8efdaa82-d985-4f89-a2d0-dfe70470acde">discours du Gettysburg</text:a></text:span><text:s text:c="1" /><text:span text:style-name="span_.en_abbreviation_complexformtype_complexformtypes_mainentrysubentry_subentry_mainentrysubentries_subentries_entry_letData_dicBody">comp. of</text:span><text:s text:c="1" /><text:span text:style-name="span_.en_partofspeech_morphosyntaxanalysis_sense_sensecontent_senses_mainentrysubentry_subentry_mainentrysubentries_subentries_entry_letData_dicBody">n</text:span><text:s text:c="1" /><text:span text:style-name="span_.en_definitionorgloss_sense_sensecontent_senses_mainentrysubentry_subentry_mainentrysubentries_subentries_entry_letData_dicBody">Gettysburg Address</text:span><text:s text:c="1" /></text:p><text:p text:style-name="mainentrysubentry_subentry_mainentrysubentries_subentries_entry_letData_dicBody"><text:span text:style-name="span_.fr_headword_mainentrysubentry_subentry_mainentrysubentries_subentries_entry_letData_dicBody"><text:a text:style-name="span_.fr_headword_mainentrysubentry_subentry_mainentrysubentries_subentries_entry_letData_dicBody" xlink:type="simple" xlink:href="#g8efdaa82-d985-4f89-a2d0-dfe70470acde">discours du Gettysburg</text:a></text:span><text:s text:c="1" /><text:span text:style-name="span_.en_abbreviation_complexformtype_complexformtypes_mainentrysubentry_subentry_mainentrysubentries_subentries_entry_letData_dicBody">comp. of</text:span><text:s text:c="1" /><text:span text:style-name="span_.en_partofspeech_morphosyntaxanalysis_sense_sensecontent_senses_mainentrysubentry_subentry_mainentrysubentries_subentries_entry_letData_dicBody">n</text:span><text:s text:c="1" /><text:span text:style-name="span_.en_definitionorgloss_sense_sensecontent_senses_mainentrysubentry_subentry_mainentrysubentries_subentries_entry_letData_dicBody">Gettysburg Address</text:span><text:s text:c="1" /></text:p><text:p text:style-name="minorentrycomplex_letData_dicBody"><text:span text:style-name="span_.fr_headword_minorentrycomplex_letData_dicBody"><text:a text:style-name="span_.fr_headword_minorentrycomplex_letData_dicBody" xlink:type="simple" xlink:href="#g8efdaa82-d985-4f89-a2d0-dfe70470acde">discours du Gettysburg</text:a></text:span><text:s text:c="1" /><text:span text:style-name="span_complexformentryrefs_minorentrycomplex_letData_dicBody"> (</text:span><text:span text:style-name="span_.en_reverseabbr_complexformtype_complexformtypes_complexformentryref_complexformentryrefs_minorentrycomplex_letData_dicBody">comp.</text:span><text:s text:c="1" /><text:span text:style-name="span_.fr_headword_referencedentry_referencedentries_complexformentryref_complexformentryrefs_minorentrycomplex_letData_dicBody"><text:a text:style-name="span_.fr_headword_referencedentry_referencedentries_complexformentryref_complexformentryrefs_minorentrycomplex_letData_dicBody" xlink:type="simple" xlink:href="#g8b269e17-afa3-46c4-bf60-3f1ddaf7a279">discours</text:a></text:span><text:span text:style-name="span_complexformentryrefs_minorentrycomplex_letData_dicBody">)</text:span><text:span text:style-name="span_groupingreferencessection_minorentrycomplex_letData_dicBody">[</text:span><text:span text:style-name="span_complexformentryrefs_groupingreferencessection_minorentrycomplex_letData_dicBody">(</text:span><text:span text:style-name="span_.en_reverseabbr_complexformtype_complexformtypes_complexformentryref_complexformentryrefs_groupingreferencessection_minorentrycomplex_letData_dicBody">comp.</text:span><text:s text:c="1" /><text:span text:style-name="span_.fr_headword_referencedentry_referencedentries_complexformentryref_complexformentryrefs_groupingreferencessection_minorentrycomplex_letData_dicBody"><text:a text:style-name="span_.fr_headword_referencedentry_referencedentries_complexformentryref_complexformentryrefs_groupingreferencessection_minorentrycomplex_letData_dicBody" xlink:type="simple" xlink:href="#g8b269e17-afa3-46c4-bf60-3f1ddaf7a279">discours</text:a></text:span><text:span text:style-name="span_complexformentryrefs_groupingreferencessection_minorentrycomplex_letData_dicBody">) </text:span><text:span text:style-name="span_groupingreferencessection_minorentrycomplex_letData_dicBody">]</text:span></text:p></text:section><text:section text:style-name="Sect_letHead" text:name="Sect_letHead"><text:p text:style-name="letHead_dicBody"><text:span text:style-name="letter_.fr_letHead_dicBody">M m</text:span></text:p></text:section><text:section text:style-name="Sect_letData" text:name="Sect_letData"><text:p text:style-name="entry_letData_dicBody"><text:span text:style-name="span_.fr_mainheadword_entry_letData_dicBody"><text:a text:style-name="span_.fr_mainheadword_entry_letData_dicBody" xlink:type="simple" xlink:href="#ge83bc91b-5383-4583-b478-0b98c6517fd1">mot</text:a></text:span><text:span text:style-name="a_.href#ge83bc91b-5383-4583-b478-0b98c6517fd1"><text:variable-set text:name="Left_Guideword_L" text:display="none" text:formula="ooow: " office:value-type="string" office:string-value="" /></text:span><text:span text:style-name="a_.href#ge83bc91b-5383-4583-b478-0b98c6517fd1"><text:variable-set text:name="RLeft_Guideword_L" text:display="none" text:formula="ooow: mot" office:value-type="string" office:string-value="mot" /></text:span><text:span text:style-name="a_.href#ge83bc91b-5383-4583-b478-0b98c6517fd1"><text:variable-set text:name="Right_Guideword_R" text:display="none" text:formula="ooow: " office:value-type="string" office:string-value="" /></text:span><text:span text:style-name="a_.href#ge83bc91b-5383-4583-b478-0b98c6517fd1"><text:variable-set text:name="RRight_Guideword_R" text:display="none" text:formula="ooow: mot" office:value-type="string" office:string-value="mot" /></text:span><text:span /><text:s text:c="1" /></text:p><text:p text:style-name="sensecontent_senses_entry_letData_dicBody"><text:span text:style-name="span_.en_definitionorgloss_sense_sensecontent_senses_entry_letData_dicBody">word</text:span><text:s text:c="1" /></text:p><text:p text:style-name="examplescontent_examplescontents_sense_sensecontent_senses_entry_letData_dicBody"><text:span text:style-name="examplescontentps_examplescontent_examplescontents_sense_sensecontent_senses_entry_letData_dicBody">❑</text:span><text:span text:style-name="span_.fr_example_examplescontent_examplescontents_sense_sensecontent_senses_entry_letData_dicBody">Il n'y a que 272 mots dans le discours de Gettysburg.</text:span><text:s text:c="1" /><text:span text:style-name="span_.en_translation_translationcontent_translationcontents_examplescontent_examplescontents_sense_sensecontent_senses_entry_letData_dicBody">There are only 272 words in the Gettysburg Address.</text:span><text:s text:c="1" /></text:p><text:p text:style-name="examplescontent_examplescontents_sense_sensecontent_senses_entry_letData_dicBody"><text:span text:style-name="examplescontentps_examplescontent_examplescontents_sense_sensecontent_senses_entry_letData_dicBody">❑</text:span><text:span text:style-name="span_.fr_example_examplescontent_examplescontents_sense_sensecontent_senses_entry_letData_dicBody">Combien de mots sont dans votre dictionnaire?</text:span><text:s text:c="1" /><text:span text:style-name="span_.en_translation_translationcontent_translationcontents_examplescontent_examplescontents_sense_sensecontent_senses_entry_letData_dicBody">How many words are in your dictionary?</text:span><text:s text:c="1" /></text:p></text:section><text:section text:style-name="Sect_letHead" text:name="Sect_letHead"><text:p text:style-name="letHead_dicBody"><text:span text:style-name="letter_.fr_letHead_dicBody">P p</text:span></text:p></text:section><text:section text:style-name="Sect_letData" text:name="Sect_letData"><text:p text:style-name="entry_letData_dicBody"><text:span text:style-name="span_.fr_mainheadword_entry_letData_dicBody"><text:a text:style-name="span_.fr_mainheadword_entry_letData_dicBody" xlink:type="simple" xlink:href="#geccd50fc-571e-4980-91a0-ee6abbf11a46">parole</text:a></text:span><text:span text:style-name="a_.href#geccd50fc-571e-4980-91a0-ee6abbf11a46"><text:variable-set text:name="Left_Guideword_L" text:display="none" text:formula="ooow: " office:value-type="string" office:string-value="" /></text:span><text:span text:style-name="a_.href#geccd50fc-571e-4980-91a0-ee6abbf11a46"><text:variable-set text:name="RLeft_Guideword_L" text:display="none" text:formula="ooow: parole" office:value-type="string" office:string-value="parole" /></text:span><text:span text:style-name="a_.href#geccd50fc-571e-4980-91a0-ee6abbf11a46"><text:variable-set text:name="Right_Guideword_R" text:display="none" text:formula="ooow: " office:value-type="string" office:string-value="" /></text:span><text:span text:style-name="a_.href#geccd50fc-571e-4980-91a0-ee6abbf11a46"><text:variable-set text:name="RRight_Guideword_R" text:display="none" text:formula="ooow: parole" office:value-type="string" office:string-value="parole" /></text:span><text:span /><text:s text:c="1" /><text:span text:style-name="span_.en_partofspeech_morphosyntaxanalysis_sharedgrammaticalinfo_senses_entry_letData_dicBody">n</text:span><text:s text:c="1" /></text:p><text:p text:style-name="sensecontent_senses_entry_letData_dicBody"><text:span text:style-name="sensenumber_sensecontent_senses_entry_letData_dicBody">1</text:span><text:span text:style-name="span_sensenumber_sensecontent_senses_entry_letData_dicBody">) </text:span><text:span text:style-name="span_.en_definitionorgloss_sense_sensecontent_senses_entry_letData_dicBody">The general construct of how people communicate.</text:span><text:s text:c="1" /></text:p><text:p text:style-name="sensecontent_senses_entry_letData_dicBody"><text:span text:style-name="sensenumber_sensecontent_senses_entry_letData_dicBody">2</text:span><text:span text:style-name="span_sensenumber_sensecontent_senses_entry_letData_dicBody">) </text:span><text:span text:style-name="span_.en_definitionorgloss_sense_sensecontent_senses_entry_letData_dicBody">The acting of talking.</text:span><text:s text:c="1" /><text:span text:style-name="sensenumber_sensecontent_mainentrysubsenses_senses_sense_sensecontent_senses_entry_letData_dicBody">2.A</text:span><text:span text:style-name="span_sensenumber_sensecontent_mainentrysubsenses_senses_sense_sensecontent_senses_entry_letData_dicBody">) </text:span><text:span text:style-name="span_.en_definitionorgloss_mainentrysubsense_sense_sensecontent_mainentrysubsenses_senses_sense_sensecontent_senses_entry_letData_dicBody">natural speech</text:span><text:s text:c="1" /><text:span text:style-name="sensenumber_sensecontent_mainentrysubsenses_senses_mainentrysubsense_sense_sensecontent_mainentrysubsenses_senses_sense_sensecontent_senses_entry_letData_dicBody">2.A.i</text:span><text:span text:style-name="span_sensenumber_sensecontent_mainentrysubsenses_senses_mainentrysubsense_sense_sensecontent_mainentrysubsenses_senses_sense_sensecontent_senses_entry_letData_dicBody">) </text:span><text:span text:style-name="span_.en_definitionorgloss_mainentrysubsense_sense_sensecontent_mainentrysubsenses_senses_mainentrysubsense_sense_sensecontent_mainentrysubsenses_senses_sense_sensecontent_senses_entry_letData_dicBody">supernatural speech</text:span><text:s text:c="1" /><text:span text:style-name="sensenumber_sensecontent_mainentrysubsenses_senses_mainentrysubsense_sense_sensecontent_mainentrysubsenses_senses_sense_sensecontent_senses_entry_letData_dicBody">2.A.ii</text:span><text:span text:style-name="span_sensenumber_sensecontent_mainentrysubsenses_senses_mainentrysubsense_sense_sensecontent_mainentrysubsenses_senses_sense_sensecontent_senses_entry_letData_dicBody">) </text:span><text:span text:style-name="span_.en_definitionorgloss_mainentrysubsense_sense_sensecontent_mainentrysubsenses_senses_mainentrysubsense_sense_sensecontent_mainentrysubsenses_senses_sense_sensecontent_senses_entry_letData_dicBody">subnatural speech</text:span><text:s text:c="1" /><text:span text:style-name="sensenumber_sensecontent_mainentrysubsenses_senses_sense_sensecontent_senses_entry_letData_dicBody">2.B</text:span><text:span text:style-name="span_sensenumber_sensecontent_mainentrysubsenses_senses_sense_sensecontent_senses_entry_letData_dicBody">) </text:span><text:span text:style-name="span_.en_definitionorgloss_mainentrysubsense_sense_sensecontent_mainentrysubsenses_senses_sense_sensecontent_senses_entry_letData_dicBody">empy</text:span><text:s text:c="1" /></text:p><text:p text:style-name="mainentrysubentry_subentry_mainentrysubentries_subentries_entry_letData_dicBody"><text:span text:style-name="span_.fr_headword_mainentrysubentry_subentry_mainentrysubentries_subentries_entry_letData_dicBody"><text:a text:style-name="span_.fr_headword_mainentrysubentry_subentry_mainentrysubentries_subentries_entry_letData_dicBody" xlink:type="simple" xlink:href="#g6cfe855b-a3dd-4fa4-a7cb-6a3950f07fb3">Parole de Dieu</text:a></text:span><text:s text:c="1" /><text:span text:style-name="span_.en_abbreviation_complexformtype_complexformtypes_mainentrysubentry_subentry_mainentrysubentries_subentries_entry_letData_dicBody">comp. of</text:span><text:s text:c="1" /><text:span text:style-name="span_.en_partofspeech_morphosyntaxanalysis_sense_sensecontent_senses_mainentrysubentry_subentry_mainentrysubentries_subentries_entry_letData_dicBody">n</text:span><text:s text:c="1" /><text:span text:style-name="span_.en_definitionorgloss_sense_sensecontent_senses_mainentrysubentry_subentry_mainentrysubentries_subentries_entry_letData_dicBody">Word of God</text:span><text:s text:c="1" /><text:span text:style-name="span_.fr_example_examplescontent_examplescontents_sense_sensecontent_senses_mainentrysubentry_subentry_mainentrysubentries_subentries_entry_letData_dicBody">La Parole de Dieu est disponible dans de nombreuses langues.</text:span><text:s text:c="1" /><text:span text:style-name="span_.en_translation_translationcontent_translationcontents_examplescontent_examplescontents_sense_sensecontent_senses_mainentrysubentry_subentry_mainentrysubentries_subentries_entry_letData_dicBody">The Word of God is available in many languages.</text:span><text:s text:c="1" /></text:p><text:p text:style-name="mainentrysubentry_subentry_mainentrysubentries_subentries_entry_letData_dicBody"><text:span text:style-name="span_.fr_headword_mainentrysubentry_subentry_mainentrysubentries_subentries_entry_letData_dicBody"><text:a text:style-name="span_.fr_headword_mainentrysubentry_subentry_mainentrysubentries_subentries_entry_letData_dicBody" xlink:type="simple" xlink:href="#g5e67cfa0-2336-4255-bc5b-dbb0a1318b2c">porte-parole</text:a></text:span><text:s text:c="1" /><text:span text:style-name="span_.en_abbreviation_complexformtype_complexformtypes_mainentrysubentry_subentry_mainentrysubentries_subentries_entry_letData_dicBody">comp. of</text:span><text:s text:c="1" /><text:span text:style-name="span_.en_partofspeech_morphosyntaxanalysis_sense_sensecontent_senses_mainentrysubentry_subentry_mainentrysubentries_subentries_entry_letData_dicBody">n</text:span><text:s text:c="1" /><text:span text:style-name="span_.en_definitionorgloss_sense_sensecontent_senses_mainentrysubentry_subentry_mainentrysubentries_subentries_entry_letData_dicBody">spokesman</text:span><text:s text:c="1" /><text:span text:style-name="span_.fr_example_examplescontent_examplescontents_sense_sensecontent_senses_mainentrysubentry_subentry_mainentrysubentries_subentries_entry_letData_dicBody">Le porte-parole doit être très articulé.</text:span><text:s text:c="1" /><text:span text:style-name="span_.en_translation_translationcontent_translationcontents_examplescontent_examplescontents_sense_sensecontent_senses_mainentrysubentry_subentry_mainentrysubentries_subentries_entry_letData_dicBody">The spokesman needs to be very articulate.</text:span><text:s text:c="1" /></text:p><text:p text:style-name="mainentrysubentry_subentry_mainentrysubentries_subentries_entry_letData_dicBody"><text:span text:style-name="span_.fr_headword_mainentrysubentry_subentry_mainentrysubentries_subentries_entry_letData_dicBody"><text:a text:style-name="span_.fr_headword_mainentrysubentry_subentry_mainentrysubentries_subentries_entry_letData_dicBody" xlink:type="simple" xlink:href="#g6cfe855b-a3dd-4fa4-a7cb-6a3950f07fb3">Parole de Dieu</text:a></text:span><text:s text:c="1" /><text:span text:style-name="span_.en_abbreviation_complexformtype_complexformtypes_mainentrysubentry_subentry_mainentrysubentries_subentries_entry_letData_dicBody">comp. of</text:span><text:s text:c="1" /><text:span text:style-name="span_.en_partofspeech_morphosyntaxanalysis_sense_sensecontent_senses_mainentrysubentry_subentry_mainentrysubentries_subentries_entry_letData_dicBody">n</text:span><text:s text:c="1" /><text:span text:style-name="span_.en_definitionorgloss_sense_sensecontent_senses_mainentrysubentry_subentry_mainentrysubentries_subentries_entry_letData_dicBody">Word of God</text:span><text:s text:c="1" /><text:span text:style-name="span_.fr_example_examplescontent_examplescontents_sense_sensecontent_senses_mainentrysubentry_subentry_mainentrysubentries_subentries_entry_letData_dicBody">La Parole de Dieu est disponible dans de nombreuses langues.</text:span><text:s text:c="1" /><text:span text:style-name="span_.en_translation_translationcontent_translationcontents_examplescontent_examplescontents_sense_sensecontent_senses_mainentrysubentry_subentry_mainentrysubentries_subentries_entry_letData_dicBody">The Word of God is available in many languages.</text:span><text:s text:c="1" /></text:p><text:p text:style-name="mainentrysubentry_subentry_mainentrysubentries_subentries_entry_letData_dicBody"><text:span text:style-name="span_.fr_headword_mainentrysubentry_subentry_mainentrysubentries_subentries_entry_letData_dicBody"><text:a text:style-name="span_.fr_headword_mainentrysubentry_subentry_mainentrysubentries_subentries_entry_letData_dicBody" xlink:type="simple" xlink:href="#g5e67cfa0-2336-4255-bc5b-dbb0a1318b2c">porte-parole</text:a></text:span><text:s text:c="1" /><text:span text:style-name="span_.en_abbreviation_complexformtype_complexformtypes_mainentrysubentry_subentry_mainentrysubentries_subentries_entry_letData_dicBody">comp. of</text:span><text:s text:c="1" /><text:span text:style-name="span_.en_partofspeech_morphosyntaxanalysis_sense_sensecontent_senses_mainentrysubentry_subentry_mainentrysubentries_subentries_entry_letData_dicBody">n</text:span><text:s text:c="1" /><text:span text:style-name="span_.en_definitionorgloss_sense_sensecontent_senses_mainentrysubentry_subentry_mainentrysubentries_subentries_entry_letData_dicBody">spokesman</text:span><text:s text:c="1" /><text:span text:style-name="span_.fr_example_examplescontent_examplescontents_sense_sensecontent_senses_mainentrysubentry_subentry_mainentrysubentries_subentries_entry_letData_dicBody">Le porte-parole doit être très articulé.</text:span><text:s text:c="1" /><text:span text:style-name="span_.en_translation_translationcontent_translationcontents_examplescontent_examplescontents_sense_sensecontent_senses_mainentrysubentry_subentry_mainentrysubentries_subentries_entry_letData_dicBody">The spokesman needs to be very articulate.</text:span><text:s text:c="1" /></text:p><text:p text:style-name="minorentrycomplex_letData_dicBody"><text:span text:style-name="span_.fr_headword_minorentrycomplex_letData_dicBody"><text:a text:style-name="span_.fr_headword_minorentrycomplex_letData_dicBody" xlink:type="simple" xlink:href="#g6cfe855b-a3dd-4fa4-a7cb-6a3950f07fb3">Parole de Dieu</text:a></text:span><text:s text:c="1" /><text:span text:style-name="span_complexformentryrefs_minorentrycomplex_letData_dicBody"> (</text:span><text:span text:style-name="span_.en_reverseabbr_complexformtype_complexformtypes_complexformentryref_complexformentryrefs_minorentrycomplex_letData_dicBody">comp.</text:span><text:s text:c="1" /><text:span text:style-name="span_.fr_headword_referencedentry_referencedentries_complexformentryref_complexformentryrefs_minorentrycomplex_letData_dicBody"><text:a text:style-name="span_.fr_headword_referencedentry_referencedentries_complexformentryref_complexformentryrefs_minorentrycomplex_letData_dicBody" xlink:type="simple" xlink:href="#geccd50fc-571e-4980-91a0-ee6abbf11a46">parole</text:a></text:span><text:span text:style-name="span_complexformentryrefs_minorentrycomplex_letData_dicBody">)</text:span><text:span text:style-name="span_groupingreferencessection_minorentrycomplex_letData_dicBody">[</text:span><text:span text:style-name="span_complexformentryrefs_groupingreferencessection_minorentrycomplex_letData_dicBody">(</text:span><text:span text:style-name="span_.en_reverseabbr_complexformtype_complexformtypes_complexformentryref_complexformentryrefs_groupingreferencessection_minorentrycomplex_letData_dicBody">comp.</text:span><text:s text:c="1" /><text:span text:style-name="span_.fr_headword_referencedentry_referencedentries_complexformentryref_complexformentryrefs_groupingreferencessection_minorentrycomplex_letData_dicBody"><text:a text:style-name="span_.fr_headword_referencedentry_referencedentries_complexformentryref_complexformentryrefs_groupingreferencessection_minorentrycomplex_letData_dicBody" xlink:type="simple" xlink:href="#geccd50fc-571e-4980-91a0-ee6abbf11a46">parole</text:a></text:span><text:span text:style-name="span_complexformentryrefs_groupingreferencessection_minorentrycomplex_letData_dicBody">) </text:span><text:span text:style-name="span_groupingreferencessection_minorentrycomplex_letData_dicBody">]</text:span></text:p><text:p text:style-name="minorentrycomplex_letData_dicBody"><text:span text:style-name="span_.fr_headword_minorentrycomplex_letData_dicBody"><text:a text:style-name="span_.fr_headword_minorentrycomplex_letData_dicBody" xlink:type="simple" xlink:href="#g5e67cfa0-2336-4255-bc5b-dbb0a1318b2c">porte-parole</text:a></text:span><text:s text:c="1" /><text:span text:style-name="span_complexformentryrefs_minorentrycomplex_letData_dicBody"> (</text:span><text:span text:style-name="span_.en_reverseabbr_complexformtype_complexformtypes_complexformentryref_complexformentryrefs_minorentrycomplex_letData_dicBody">comp.</text:span><text:s text:c="1" /><text:span text:style-name="span_.fr_headword_referencedentry_referencedentries_complexformentryref_complexformentryrefs_minorentrycomplex_letData_dicBody"><text:a text:style-name="span_.fr_headword_referencedentry_referencedentries_complexformentryref_complexformentryrefs_minorentrycomplex_letData_dicBody" xlink:type="simple" xlink:href="#geccd50fc-571e-4980-91a0-ee6abbf11a46">parole</text:a></text:span><text:span text:style-name="span_complexformentryrefs_minorentrycomplex_letData_dicBody">)</text:span><text:span text:style-name="span_groupingreferencessection_minorentrycomplex_letData_dicBody">[</text:span><text:span text:style-name="span_complexformentryrefs_groupingreferencessection_minorentrycomplex_letData_dicBody">(</text:span><text:span text:style-name="span_.en_reverseabbr_complexformtype_complexformtypes_complexformentryref_complexformentryrefs_groupingreferencessection_minorentrycomplex_letData_dicBody">comp.</text:span><text:s text:c="1" /><text:span text:style-name="span_.fr_headword_referencedentry_referencedentries_complexformentryref_complexformentryrefs_groupingreferencessection_minorentrycomplex_letData_dicBody"><text:a text:style-name="span_.fr_headword_referencedentry_referencedentries_complexformentryref_complexformentryrefs_groupingreferencessection_minorentrycomplex_letData_dicBody" xlink:type="simple" xlink:href="#geccd50fc-571e-4980-91a0-ee6abbf11a46">parole</text:a></text:span><text:span text:style-name="span_complexformentryrefs_groupingreferencessection_minorentrycomplex_letData_dicBody">) </text:span><text:span text:style-name="span_groupingreferencessection_minorentrycomplex_letData_dicBody">]</text:span></text:p></text:section></office:text></office:body></office:document-content>