<?xml version="1.0"?><office:document-content xmlns:office="urn:oasis:names:tc:opendocument:xmlns:office:1.0" xmlns:style="urn:oasis:names:tc:opendocument:xmlns:style:1.0" xmlns:text="urn:oasis:names:tc:opendocument:xmlns:text:1.0" xmlns:table="urn:oasis:names:tc:opendocument:xmlns:table:1.0" xmlns:draw="urn:oasis:names:tc:opendocument:xmlns:drawing:1.0" xmlns:fo="urn:oasis:names:tc:opendocument:xmlns:xsl-fo-compatible:1.0" xmlns:xlink="http://www.w3.org/1999/xlink" xmlns:dc="http://purl.org/dc/elements/1.1/" xmlns:meta="urn:oasis:names:tc:opendocument:xmlns:meta:1.0" xmlns:number="urn:oasis:names:tc:opendocument:xmlns:datastyle:1.0" xmlns:svg="urn:oasis:names:tc:opendocument:xmlns:svg-compatible:1.0" xmlns:chart="urn:oasis:names:tc:opendocument:xmlns:chart:1.0" xmlns:dr3d="urn:oasis:names:tc:opendocument:xmlns:dr3d:1.0" xmlns:math="http://www.w3.org/1998/Math/MathML" xmlns:form="urn:oasis:names:tc:opendocument:xmlns:form:1.0" xmlns:script="urn:oasis:names:tc:opendocument:xmlns:script:1.0" xmlns:ooo="http://openoffice.org/2004/office" xmlns:ooow="http://openoffice.org/2004/writer" xmlns:oooc="http://openoffice.org/2004/calc" xmlns:dom="http://www.w3.org/2001/xml-events" xmlns:xforms="http://www.w3.org/2002/xforms" xmlns:xsd="http://www.w3.org/2001/XMLSchema" xmlns:xsi="http://www.w3.org/2001/XMLSchema-instance" xmlns:rpt="http://openoffice.org/2005/report" xmlns:of="urn:oasis:names:tc:opendocument:xmlns:of:1.2" xmlns:xhtml="http://www.w3.org/1999/xhtml" xmlns:grddl="http://www.w3.org/2003/g/data-view#" xmlns:field="urn:openoffice:names:experimental:ooo-ms-interop:xmlns:field:1.0" xmlns:formx="urn:openoffice:names:experimental:ooxml-odf-interop:xmlns:form:1.0"><office:scripts><office:event-listeners><script:event-listener script:language="ooo:script" script:event-name="dom:load" xlink:href="vnd.sun.star.script:Standard.Module1.StartDontForget?language=Basic&amp;location=document" /></office:event-listeners></office:scripts><office:font-face-decls><style:font-face style:name="Times New Roman" svg:font-family="'Times New Roman'" style:font-family-generic="roman" style:font-pitch="variable" /><style:font-face style:name="Yi plus Phonetics" svg:font-family="'Yi plus Phonetics'" /><style:font-face style:name="Arial" svg:font-family="'Arial'" style:font-family-generic="swiss" style:font-pitch="variable" /><style:font-face style:name="Lucida Sans Unicode" svg:font-family="'Lucida Sans Unicode'" style:font-family-generic="system" style:font-pitch="variable" /><style:font-face style:name="MS Mincho" svg:font-family="'MS Mincho'" style:font-family-generic="system" style:font-pitch="variable" /><style:font-face style:name="Tahoma" svg:font-family="'Tahoma'" style:font-family-generic="system" style:font-pitch="variable" /><style:font-face style:name="Scheherazade Graphite Alpha" svg:font-family="'Scheherazade Graphite Alpha'" /><style:font-face style:name="Latha" svg:font-family="'Latha'" /></office:font-face-decls><office:automatic-styles><style:style style:name="P2" style:family="paragraph" style:parent-style-name="copyright_dicBody" style:master-page-name="TableofContents_20_Page"><style:paragraph-properties style:page-number="auto" /></style:style><style:style style:name="P4" style:family="paragraph" style:master-page-name="First_20_Page"><style:paragraph-properties style:page-number="1" /></style:style><style:style style:name="P5" style:family="paragraph" style:parent-style-name="Text"><style:paragraph-properties fo:text-align="center" style:justify-single-word="false" /></style:style><style:style style:name="T4" style:family="text"><style:text-properties text:display="none" /></style:style><style:style style:name="fr0" style:family="graphic" style:parent-style-name="Graphics"><style:graphic-properties style:run-through="background" style:wrap="run-through" style:number-wrapped-paragraphs="no-limit" style:horizontal-pos="center" style:horizontal-rel="paragraph" fo:clip="rect(0pt, 0pt, 0pt, 0pt)" draw:luminance="0%" draw:contrast="0%" draw:red="0%" draw:green="0%" draw:blue="0%" draw:gamma="100%" draw:color-inversion="false" draw:image-opacity="100%" draw:color-mode="standard" /></style:style><style:style style:name="P2" style:family="paragraph" style:parent-style-name="Frame_20_contents"><style:paragraph-properties fo:text-align="end" style:justify-single-word="false" /></style:style><style:style style:name="fr1" style:family="graphic" style:parent-style-name="Frame"><style:graphic-properties style:wrap="none" style:vertical-pos="from-top" style:vertical-rel="page" style:horizontal-pos="center" style:horizontal-rel="paragraph-content" fo:padding="0pt" fo:border="none" style:flow-with-text="false" /></style:style>
  <style:style style:name="Sect_letData" style:family="section" xmlns:style="urn:oasis:names:tc:opendocument:xmlns:style:1.0">
    <style:section-properties text:dont-balance-text-columns="false" style:editable="false" xmlns:text="urn:oasis:names:tc:opendocument:xmlns:text:1.0">
      <style:columns fo:column-count="2" xmlns:fo="urn:oasis:names:tc:opendocument:xmlns:xsl-fo-compatible:1.0">
        <style:column style:rel-width="3.02231*" fo:start-indent="0in" fo:end-indent="0.08333334in" />
        <style:column style:rel-width="3.02231*" fo:start-indent="0.08333334in" fo:end-indent="0in" />
        <style:column-sep style:width="1pt" style:color="#808080" />
      </style:columns>
    </style:section-properties>
  </style:style>

  <style:style style:name="Sect_letHead" style:family="section" xmlns:style="urn:oasis:names:tc:opendocument:xmlns:style:1.0">
    <style:section-properties text:dont-balance-text-columns="false" style:editable="false" xmlns:text="urn:oasis:names:tc:opendocument:xmlns:text:1.0">
      <style:columns fo:column-count="1" xmlns:fo="urn:oasis:names:tc:opendocument:xmlns:xsl-fo-compatible:1.0">
        <style:column-sep style:width="1pt" style:color="#808080" />
      </style:columns>
    </style:section-properties>
  </style:style>

  <style:style style:name="Sect_revData" style:family="section" xmlns:style="urn:oasis:names:tc:opendocument:xmlns:style:1.0">
    <style:section-properties text:dont-balance-text-columns="false" style:editable="false" xmlns:text="urn:oasis:names:tc:opendocument:xmlns:text:1.0">
      <style:columns fo:column-count="2" xmlns:fo="urn:oasis:names:tc:opendocument:xmlns:xsl-fo-compatible:1.0">
        <style:column style:rel-width="3.02231*" fo:start-indent="0in" fo:end-indent="0.08333334in" />
        <style:column style:rel-width="3.02231*" fo:start-indent="0.08333334in" fo:end-indent="0in" />
        <style:column-sep style:width="1pt" style:color="#808080" />
      </style:columns>
    </style:section-properties>
  </style:style>
</office:automatic-styles><office:body><office:text><text:variable-decls><text:variable-decl office:value-type="string" text:name="Left_Guideword_L" /><text:variable-decl office:value-type="string" text:name="RLeft_Guideword_L" /><text:variable-decl office:value-type="string" text:name="Right_Guideword_R" /><text:variable-decl office:value-type="string" text:name="RRight_Guideword_R" /></text:variable-decls><text:sequence-decls><text:sequence-decl text:display-outline-level="0" text:name="Illustration" /><text:sequence-decl text:display-outline-level="0" text:name="Table" /><text:sequence-decl text:display-outline-level="0" text:name="Text" /><text:sequence-decl text:display-outline-level="0" text:name="Drawing" /></text:sequence-decls><text:p text:style-name="P4" /><text:section text:style-name="Sect_letHead" text:name="Sect_letHead"><text:p text:style-name="letHead_body"><text:span text:style-name="letter_.bzh_letHead_body">W w</text:span></text:p></text:section><text:section text:style-name="Sect_letData" text:name="Sect_letData"><text:p text:style-name="entry_letData_body"><text:span text:style-name="span_.bzh_mainheadword_entry_letData_body"><text:a text:style-name="span_.bzh_mainheadword_entry_letData_body" xlink:type="simple" xlink:href="#gf2613bd5-e866-4ac7-9101-a43ab1d4adcd">=W=</text:a></text:span><text:span text:style-name="a_.href#gf2613bd5-e866-4ac7-9101-a43ab1d4adcd"><text:variable-set text:name="Left_Guideword_L" text:display="none" text:formula="ooow: " office:value-type="string" office:string-value="" /></text:span><text:span text:style-name="a_.href#gf2613bd5-e866-4ac7-9101-a43ab1d4adcd"><text:variable-set text:name="RLeft_Guideword_L" text:display="none" text:formula="ooow: =W=" office:value-type="string" office:string-value="=W=" /></text:span><text:span text:style-name="a_.href#gf2613bd5-e866-4ac7-9101-a43ab1d4adcd"><text:variable-set text:name="Right_Guideword_R" text:display="none" text:formula="ooow: " office:value-type="string" office:string-value="" /></text:span><text:span text:style-name="a_.href#gf2613bd5-e866-4ac7-9101-a43ab1d4adcd"><text:variable-set text:name="RRight_Guideword_R" text:display="none" text:formula="ooow: =W=" office:value-type="string" office:string-value="=W=" /></text:span><text:span /><text:span text:style-name="span_.en_partofspeech_morphosyntaxanalysis_sense_sensecontent_senses_entry_letData_body">v</text:span><text:span text:style-name="span_.en_name_slot_slots_morphosyntaxanalysis_sense_sensecontent_senses_entry_letData_body">Person</text:span><text:span text:style-name="span_.en_definitionorgloss_sense_sensecontent_senses_entry_letData_body">Second person; labialisation of the initial consonant of Class 3 verbs beginning with gg, and Class 1 verbs beginning with k or g. Also of the Potential mode prefix for Class 2 verbs.</text:span></text:p><text:p text:style-name="entry_letData_body"><text:span text:style-name="span_.bzh_mainheadword_entry_letData_body"><text:a text:style-name="span_.bzh_mainheadword_entry_letData_body" xlink:type="simple" xlink:href="#gca26b453-4696-4aa1-9e28-1f5121e9b066">waain</text:a></text:span><text:span text:style-name="a_.href#gca26b453-4696-4aa1-9e28-1f5121e9b066"><text:variable-set text:name="Left_Guideword_L" text:display="none" text:formula="ooow: " office:value-type="string" office:string-value="" /></text:span><text:span text:style-name="a_.href#gca26b453-4696-4aa1-9e28-1f5121e9b066"><text:variable-set text:name="RLeft_Guideword_L" text:display="none" text:formula="ooow: waain" office:value-type="string" office:string-value="waain" /></text:span><text:span text:style-name="a_.href#gca26b453-4696-4aa1-9e28-1f5121e9b066"><text:variable-set text:name="Right_Guideword_R" text:display="none" text:formula="ooow: " office:value-type="string" office:string-value="" /></text:span><text:span text:style-name="a_.href#gca26b453-4696-4aa1-9e28-1f5121e9b066"><text:variable-set text:name="RRight_Guideword_R" text:display="none" text:formula="ooow: waain" office:value-type="string" office:string-value="waain" /></text:span><text:span /><text:span text:style-name="span_.bzh-fonipa_form_pronunciation_pronunciations_entry_letData_body">ˈwaː.in</text:span><text:span text:style-name="span_.en_partofspeech_morphosyntaxanalysis_sense_sensecontent_senses_entry_letData_body">V1</text:span><text:span text:style-name="span_.en_definitionorgloss_sense_sensecontent_senses_entry_letData_body">to struggle, try hard, to struggle to climb out of something, as a hole.</text:span><text:span text:style-name="span_.bzh_example_example_examples_sense_sensecontent_senses_entry_letData_body">Waain bë maḳ noh tena.</text:span><text:span text:style-name="span_.en_translation_translation_translations_example_examples_sense_sensecontent_senses_entry_letData_body">He tried hard looking for a way to get out.</text:span><text:span text:style-name="span_.bzh_example_example_examples_sense_sensecontent_senses_entry_letData_body">Luḳ waaḳ lom waain rot rëḳ ma menedo loḳ.</text:span><text:span text:style-name="span_.en_translation_translation_translations_example_examples_sense_sensecontent_senses_entry_letData_body">He fell into the cave and he struggled hard to get out but he couldn't and he had to remain there.</text:span><text:span text:style-name="span_.en_abbreviation_semanticdomain_semanticdomains_sense_sensecontent_senses_entry_letData_body">4.8.1</text:span><text:span text:style-name="span_.en_name_semanticdomain_semanticdomains_sense_sensecontent_senses_entry_letData_body">Hostility</text:span><text:span text:style-name="span_.en_abbreviation_semanticdomain_semanticdomains_sense_sensecontent_senses_entry_letData_body">4.8.1.1</text:span><text:span text:style-name="span_.en_name_semanticdomain_semanticdomains_sense_sensecontent_senses_entry_letData_body">Oppose</text:span></text:p><text:p text:style-name="entry_letData_body"><text:span text:style-name="span_.bzh_mainheadword_entry_letData_body"><text:a text:style-name="span_.bzh_mainheadword_entry_letData_body" xlink:type="simple" xlink:href="#g054e93d5-d3cf-410e-a4cf-3edfa0993bd7">waaḳ</text:a></text:span><text:span text:style-name="a_.href#g054e93d5-d3cf-410e-a4cf-3edfa0993bd7"><text:variable-set text:name="Left_Guideword_L" text:display="none" text:formula="ooow: " office:value-type="string" office:string-value="" /></text:span><text:span text:style-name="a_.href#g054e93d5-d3cf-410e-a4cf-3edfa0993bd7"><text:variable-set text:name="RLeft_Guideword_L" text:display="none" text:formula="ooow: waaḳ" office:value-type="string" office:string-value="waaḳ" /></text:span><text:span text:style-name="a_.href#g054e93d5-d3cf-410e-a4cf-3edfa0993bd7"><text:variable-set text:name="Right_Guideword_R" text:display="none" text:formula="ooow: " office:value-type="string" office:string-value="" /></text:span><text:span text:style-name="a_.href#g054e93d5-d3cf-410e-a4cf-3edfa0993bd7"><text:variable-set text:name="RRight_Guideword_R" text:display="none" text:formula="ooow: waaḳ" office:value-type="string" office:string-value="waaḳ" /></text:span><text:span /><text:span text:style-name="span_.bzh-fonipa_form_pronunciation_pronunciations_entry_letData_body">waːq</text:span><text:span text:style-name="span_.en_partofspeech_morphosyntaxanalysis_sense_sensecontent_senses_entry_letData_body">n</text:span><text:span text:style-name="span_.en_definitionorgloss_sense_sensecontent_senses_entry_letData_body">cave, hole-a natural formation.</text:span><text:span text:style-name="span_.bzh_example_example_examples_sense_sensecontent_senses_entry_letData_body">Waaḳ böpata ti neggëp vosnë.</text:span><text:span text:style-name="span_.en_translation_translation_translations_example_examples_sense_sensecontent_senses_entry_letData_body">There's a huge cave in the bush.</text:span><text:span text:style-name="span_.bzh_example_example_examples_sense_sensecontent_senses_entry_letData_body">Ya deggevek waaḳ.</text:span><text:span text:style-name="span_.en_translation_translation_translations_example_examples_sense_sensecontent_senses_entry_letData_body">They went into the cave.</text:span><text:span text:style-name="span_.en_abbreviation_semanticdomain_semanticdomains_sense_sensecontent_senses_entry_letData_body">1.2.1.5</text:span><text:span text:style-name="span_.en_name_semanticdomain_semanticdomains_sense_sensecontent_senses_entry_letData_body">Underground</text:span></text:p><text:p text:style-name="picture_pictures_entry_letData_body"><draw:frame draw:style-name="fr2" draw:name="Frame2" text:anchor-type="paragraph" draw:z-index="1" svg:width="152.92206pt" svg:height="72pt"><draw:text-box fo:min-height="1in"><text:p text:style-name="P5"><draw:frame draw:style-name="gr2" draw:name="Graphics2" text:anchor-type="paragraph" svg:width="152.92206pt" svg:height="72pt"><draw:image xlink:type="simple" xlink:show="embed" xlink:actuate="onLoad" xlink:href="Pictures/waak-.jpg" /><svg:title>waak-.jpg</svg:title></draw:frame><text:span text:style-name="span_.en_sensenumber_picture_pictures_entry_letData_body">1</text:span><text:span text:style-name="span_.bzh_caption_caption_picture_pictures_entry_letData_body">waaḳ</text:span></text:p></draw:text-box></draw:frame></text:p><text:p text:style-name="entry_letData_body"><text:span text:style-name="span_.bzh_mainheadword_entry_letData_body"><text:a text:style-name="span_.bzh_mainheadword_entry_letData_body" xlink:type="simple" xlink:href="#g937b7e8c-37df-4874-91e1-8c8a387951b7">wabeenġ</text:a></text:span><text:span text:style-name="a_.href#g937b7e8c-37df-4874-91e1-8c8a387951b7"><text:variable-set text:name="Left_Guideword_L" text:display="none" text:formula="ooow: " office:value-type="string" office:string-value="" /></text:span><text:span text:style-name="a_.href#g937b7e8c-37df-4874-91e1-8c8a387951b7"><text:variable-set text:name="RLeft_Guideword_L" text:display="none" text:formula="ooow: wabeenġ" office:value-type="string" office:string-value="wabeenġ" /></text:span><text:span text:style-name="a_.href#g937b7e8c-37df-4874-91e1-8c8a387951b7"><text:variable-set text:name="Right_Guideword_R" text:display="none" text:formula="ooow: " office:value-type="string" office:string-value="" /></text:span><text:span text:style-name="a_.href#g937b7e8c-37df-4874-91e1-8c8a387951b7"><text:variable-set text:name="RRight_Guideword_R" text:display="none" text:formula="ooow: wabeenġ" office:value-type="string" office:string-value="wabeenġ" /></text:span><text:span /><text:span text:style-name="span_.bzh-fonipa_form_pronunciation_pronunciations_entry_letData_body">wa.ˈᵐbɛːɴ</text:span><text:span text:style-name="span_.en_partofspeech_morphosyntaxanalysis_sense_sensecontent_senses_entry_letData_body">n</text:span><text:span text:style-name="span_.en_definitionorgloss_sense_sensecontent_senses_entry_letData_body">kind of yam.</text:span><text:span text:style-name="span_.bzh_example_example_examples_sense_sensecontent_senses_entry_letData_body">Wabeenġ raḳ mekeyëh riing.</text:span><text:span text:style-name="span_.en_span_.en_translation_translation_translations_example_examples_sense_sensecontent_senses_entry_letData_body">The </text:span><text:span text:style-name="span_.bzh_span_.en_translation_translation_translations_example_examples_sense_sensecontent_senses_entry_letData_body">wabeeng</text:span><text:span text:style-name="span_.en_span_.en_translation_translation_translations_example_examples_sense_sensecontent_senses_entry_letData_body">  grew up and broke the yam stake.</text:span><text:span text:style-name="span_.en_abbreviation_semanticdomain_semanticdomains_sense_sensecontent_senses_entry_letData_body">1.5.3</text:span><text:span text:style-name="span_.en_name_semanticdomain_semanticdomains_sense_sensecontent_senses_entry_letData_body">Grass, herb, vine</text:span></text:p><text:p text:style-name="entry_letData_body"><text:span text:style-name="span_.bzh_mainheadword_entry_letData_body"><text:a text:style-name="span_.bzh_mainheadword_entry_letData_body" xlink:type="simple" xlink:href="#g9d94538b-12c1-455e-b56b-db97a3c7fe21">waing</text:a></text:span><text:span text:style-name="a_.href#g9d94538b-12c1-455e-b56b-db97a3c7fe21"><text:variable-set text:name="Left_Guideword_L" text:display="none" text:formula="ooow: " office:value-type="string" office:string-value="" /></text:span><text:span text:style-name="a_.href#g9d94538b-12c1-455e-b56b-db97a3c7fe21"><text:variable-set text:name="RLeft_Guideword_L" text:display="none" text:formula="ooow: waing" office:value-type="string" office:string-value="waing" /></text:span><text:span text:style-name="a_.href#g9d94538b-12c1-455e-b56b-db97a3c7fe21"><text:variable-set text:name="Right_Guideword_R" text:display="none" text:formula="ooow: " office:value-type="string" office:string-value="" /></text:span><text:span text:style-name="a_.href#g9d94538b-12c1-455e-b56b-db97a3c7fe21"><text:variable-set text:name="RRight_Guideword_R" text:display="none" text:formula="ooow: waing" office:value-type="string" office:string-value="waing" /></text:span><text:span /><text:span text:style-name="span_.bzh-fonipa_form_pronunciation_pronunciations_entry_letData_body">ˈwa.iŋ</text:span><text:span text:style-name="span_.en_partofspeech_morphosyntaxanalysis_sense_sensecontent_senses_entry_letData_body">n</text:span><text:span text:style-name="span_.en_definitionorgloss_sense_sensecontent_senses_entry_letData_body">  a kind of green vegetable from the coast, the vine is used for tying boats because it doesn't rot quickly in the sea.</text:span><text:span text:style-name="span_.bzh_example_example_examples_sense_sensecontent_senses_entry_letData_body">Waing og yiḳ jojeng nivesa ti sën hil ġeyeh maġa.</text:span><text:span text:style-name="span_.bzh_span_.en_translation_translation_translations_example_examples_sense_sensecontent_senses_entry_letData_body">Waing</text:span><text:span text:style-name="span_.en_span_.en_translation_translation_translations_example_examples_sense_sensecontent_senses_entry_letData_body">  is a good kind of green vegetable which we cook and eat.</text:span></text:p><text:p text:style-name="entry_letData_body"><text:span text:style-name="span_.bzh_mainheadword_entry_letData_body"><text:a text:style-name="span_.bzh_mainheadword_entry_letData_body" xlink:type="simple" xlink:href="#g8fe561f0-e537-45fa-8a00-010f85f7a7cd">wes</text:a></text:span><text:span text:style-name="a_.href#g8fe561f0-e537-45fa-8a00-010f85f7a7cd"><text:variable-set text:name="Left_Guideword_L" text:display="none" text:formula="ooow: " office:value-type="string" office:string-value="" /></text:span><text:span text:style-name="a_.href#g8fe561f0-e537-45fa-8a00-010f85f7a7cd"><text:variable-set text:name="RLeft_Guideword_L" text:display="none" text:formula="ooow: wes" office:value-type="string" office:string-value="wes" /></text:span><text:span text:style-name="a_.href#g8fe561f0-e537-45fa-8a00-010f85f7a7cd"><text:variable-set text:name="Right_Guideword_R" text:display="none" text:formula="ooow: " office:value-type="string" office:string-value="" /></text:span><text:span text:style-name="a_.href#g8fe561f0-e537-45fa-8a00-010f85f7a7cd"><text:variable-set text:name="RRight_Guideword_R" text:display="none" text:formula="ooow: wes" office:value-type="string" office:string-value="wes" /></text:span><text:span /><text:span text:style-name="span_.bzh-fonipa_form_pronunciation_pronunciations_entry_letData_body">wɛt͡ʃ</text:span><text:span text:style-name="span_.en_partofspeech_morphosyntaxanalysis_sense_sensecontent_senses_entry_letData_body">n</text:span><text:span text:style-name="span_.en_definitionorgloss_sense_sensecontent_senses_entry_letData_body">wall-of a house.</text:span><text:span text:style-name="span_.bzh_example_example_examples_sense_sensecontent_senses_entry_letData_body">Wes kevoh gebegganġ neggëp nyë tale.</text:span><text:span text:style-name="span_.en_translation_translation_translations_example_examples_sense_sensecontent_senses_entry_letData_body">The wall collapsed and the house was left standing open.</text:span><text:span text:style-name="span_.bzh_example_example_examples_sense_sensecontent_senses_entry_letData_body">Ham kweping wes nah gökin.</text:span><text:span text:style-name="span_.en_translation_translation_translations_example_examples_sense_sensecontent_senses_entry_letData_body">Cover the wall again.</text:span><text:span text:style-name="span_.bzh_example_example_examples_sense_sensecontent_senses_entry_letData_body">Loḳ ġuvenġ raḳ wes.</text:span><text:span text:style-name="span_.en_translation_translation_translations_example_examples_sense_sensecontent_senses_entry_letData_body">He painted the wall.</text:span><text:span text:style-name="span_.en_abbreviation_semanticdomain_semanticdomains_sense_sensecontent_senses_entry_letData_body">6.5.2.1</text:span><text:span text:style-name="span_.en_name_semanticdomain_semanticdomains_sense_sensecontent_senses_entry_letData_body">Wall</text:span><text:span text:style-name="span_.en_abbreviation_semanticdomain_semanticdomains_sense_sensecontent_senses_entry_letData_body">6.5.1.5</text:span><text:span text:style-name="span_.en_name_semanticdomain_semanticdomains_sense_sensecontent_senses_entry_letData_body">Fence, wall</text:span></text:p><text:p text:style-name="picture_pictures_entry_letData_body"><draw:frame draw:style-name="fr3" draw:name="Frame3" text:anchor-type="paragraph" draw:z-index="1" svg:width="152.92206pt" svg:height="72pt"><draw:text-box fo:min-height="1in"><text:p text:style-name="P5"><draw:frame draw:style-name="gr3" draw:name="Graphics3" text:anchor-type="paragraph" svg:width="152.92206pt" svg:height="72pt"><draw:image xlink:type="simple" xlink:show="embed" xlink:actuate="onLoad" xlink:href="Pictures/wes-.jpg" /><svg:title>wes-.jpg</svg:title></draw:frame><text:span text:style-name="span_.en_sensenumber_picture_pictures_entry_letData_body">1</text:span><text:span text:style-name="span_.bzh_caption_caption_picture_pictures_entry_letData_body">wes</text:span></text:p></draw:text-box></draw:frame></text:p></text:section></office:text></office:body></office:document-content>