<?xml version="1.0"?><office:document-content xmlns:office="urn:oasis:names:tc:opendocument:xmlns:office:1.0" xmlns:style="urn:oasis:names:tc:opendocument:xmlns:style:1.0" xmlns:text="urn:oasis:names:tc:opendocument:xmlns:text:1.0" xmlns:table="urn:oasis:names:tc:opendocument:xmlns:table:1.0" xmlns:draw="urn:oasis:names:tc:opendocument:xmlns:drawing:1.0" xmlns:fo="urn:oasis:names:tc:opendocument:xmlns:xsl-fo-compatible:1.0" xmlns:xlink="http://www.w3.org/1999/xlink" xmlns:dc="http://purl.org/dc/elements/1.1/" xmlns:meta="urn:oasis:names:tc:opendocument:xmlns:meta:1.0" xmlns:number="urn:oasis:names:tc:opendocument:xmlns:datastyle:1.0" xmlns:svg="urn:oasis:names:tc:opendocument:xmlns:svg-compatible:1.0" xmlns:chart="urn:oasis:names:tc:opendocument:xmlns:chart:1.0" xmlns:dr3d="urn:oasis:names:tc:opendocument:xmlns:dr3d:1.0" xmlns:math="http://www.w3.org/1998/Math/MathML" xmlns:form="urn:oasis:names:tc:opendocument:xmlns:form:1.0" xmlns:script="urn:oasis:names:tc:opendocument:xmlns:script:1.0" xmlns:ooo="http://openoffice.org/2004/office" xmlns:ooow="http://openoffice.org/2004/writer" xmlns:oooc="http://openoffice.org/2004/calc" xmlns:dom="http://www.w3.org/2001/xml-events" xmlns:xforms="http://www.w3.org/2002/xforms" xmlns:xsd="http://www.w3.org/2001/XMLSchema" xmlns:xsi="http://www.w3.org/2001/XMLSchema-instance" xmlns:rpt="http://openoffice.org/2005/report" xmlns:of="urn:oasis:names:tc:opendocument:xmlns:of:1.2" xmlns:xhtml="http://www.w3.org/1999/xhtml" xmlns:grddl="http://www.w3.org/2003/g/data-view#" xmlns:field="urn:openoffice:names:experimental:ooo-ms-interop:xmlns:field:1.0" xmlns:formx="urn:openoffice:names:experimental:ooxml-odf-interop:xmlns:form:1.0"><office:scripts><office:event-listeners><script:event-listener script:language="ooo:script" script:event-name="dom:load" xlink:href="vnd.sun.star.script:Standard.Module1.StartDontForget?language=Basic&amp;location=document" /></office:event-listeners></office:scripts><office:font-face-decls><style:font-face style:name="Times New Roman" svg:font-family="'Times New Roman'" style:font-family-generic="roman" style:font-pitch="variable" /><style:font-face style:name="Yi plus Phonetics" svg:font-family="'Yi plus Phonetics'" /><style:font-face style:name="Arial" svg:font-family="'Arial'" style:font-family-generic="swiss" style:font-pitch="variable" /><style:font-face style:name="Lucida Sans Unicode" svg:font-family="'Lucida Sans Unicode'" style:font-family-generic="system" style:font-pitch="variable" /><style:font-face style:name="MS Mincho" svg:font-family="'MS Mincho'" style:font-family-generic="system" style:font-pitch="variable" /><style:font-face style:name="Tahoma" svg:font-family="'Tahoma'" style:font-family-generic="system" style:font-pitch="variable" /><style:font-face style:name="Scheherazade Graphite Alpha" svg:font-family="'Scheherazade Graphite Alpha'" /><style:font-face style:name="Latha" svg:font-family="'Latha'" /></office:font-face-decls><office:automatic-styles><style:style style:name="P2" style:family="paragraph" style:parent-style-name="copyright_dicBody" style:master-page-name="TableofContents_20_Page"><style:paragraph-properties style:page-number="auto" /></style:style><style:style style:name="P4" style:family="paragraph" style:master-page-name="First_20_Page"><style:paragraph-properties style:page-number="1" /></style:style><style:style style:name="P5" style:family="paragraph" style:parent-style-name="Text"><style:paragraph-properties fo:text-align="center" style:justify-single-word="false" /></style:style><style:style style:name="T4" style:family="text"><style:text-properties text:display="none" /></style:style><style:style style:name="fr0" style:family="graphic" style:parent-style-name="Graphics"><style:graphic-properties style:run-through="background" style:wrap="run-through" style:number-wrapped-paragraphs="no-limit" style:horizontal-pos="center" style:horizontal-rel="paragraph" fo:clip="rect(0pt, 0pt, 0pt, 0pt)" draw:luminance="0%" draw:contrast="0%" draw:red="0%" draw:green="0%" draw:blue="0%" draw:gamma="100%" draw:color-inversion="false" draw:image-opacity="100%" draw:color-mode="standard" /></style:style><style:style style:name="P2" style:family="paragraph" style:parent-style-name="Frame_20_contents"><style:paragraph-properties fo:text-align="end" style:justify-single-word="false" /></style:style><style:style style:name="fr1" style:family="graphic" style:parent-style-name="Frame"><style:graphic-properties style:wrap="none" style:vertical-pos="from-top" style:vertical-rel="page" style:horizontal-pos="center" style:horizontal-rel="paragraph-content" fo:padding="0pt" fo:border="none" style:flow-with-text="false" /></style:style></office:automatic-styles><office:body><office:text><text:variable-decls><text:variable-decl office:value-type="string" text:name="Left_Guideword_L" /><text:variable-decl office:value-type="string" text:name="RLeft_Guideword_L" /><text:variable-decl office:value-type="string" text:name="Right_Guideword_R" /><text:variable-decl office:value-type="string" text:name="RRight_Guideword_R" /></text:variable-decls><text:sequence-decls><text:sequence-decl text:display-outline-level="0" text:name="Illustration" /><text:sequence-decl text:display-outline-level="0" text:name="Table" /><text:sequence-decl text:display-outline-level="0" text:name="Text" /><text:sequence-decl text:display-outline-level="0" text:name="Drawing" /></text:sequence-decls><text:p text:style-name="P4" /><text:p text:style-name="scrBook_scrBody"> <text:span text:style-name="scrBookName_.dv_scrBook_scrBody">ޔޫނުސްގެފާނު </text:span><text:span text:style-name="scrBookCode_.dv_scrBook_scrBody">JON</text:span></text:p><text:p text:style-name="SectionHead_scrSection_columns_scrBook_scrBody"><text:span text:style-name="span_.dv_SectionHead_scrSection_columns_scrBook_scrBody">ޔޫނުސްގެފާނު މާތްކަލާނގެއަށް ފިއްލަވަން ވަޑައިގެންނެވުން</text:span></text:p><text:p text:style-name="Paragraph_scrSection_columns_scrBook_scrBody"><text:span text:style-name="ChapterNumber_.dv_Paragraph_scrSection_columns_scrBook_scrBody">1</text:span><text:span text:style-name="ChapterNumber_.dv"><text:variable-set text:name="Left_Guideword_L" text:display="none" text:formula="ooow: ޔޫނުސްގެފާނު 1" office:value-type="string" office:string-value="ޔޫނުސްގެފާނު 1" /></text:span><text:span text:style-name="ChapterNumber_.dv"><text:variable-set text:name="RLeft_Guideword_L" text:display="none" text:formula="ooow: " office:value-type="string" office:string-value="" /></text:span><text:span text:style-name="ChapterNumber_.dv"><text:variable-set text:name="Right_Guideword_R" text:display="none" text:formula="ooow: ޔޫނުސްގެފާނު 1" office:value-type="string" office:string-value="ޔޫނުސްގެފާނު 1" /></text:span><text:span text:style-name="ChapterNumber_.dv"><text:variable-set text:name="RRight_Guideword_R" text:display="none" text:formula="ooow: " office:value-type="string" office:string-value="" /></text:span><text:span /><text:span text:style-name="span_.dv_Paragraph_scrSection_columns_scrBook_scrBody"> <text:span text:style-name="VerseNumber_.dv_Paragraph_scrSection_columns_scrBook_scrBody">  1‏‑2 </text:span>އެއްދުވަހަކު އަމިއްތައިގެ ދަރިކަލުން ޔޫނުސްގެފާނަށް މާތްރަސްކަލާނގެ އެންގެވިއެވެ. ”ބޮޑު ރަށެއްކަމުގައިވާ</text:span><text:span text:style-name="NoteTargetReference_.dv_NoteGeneralParagraph_Paragraph_scrSection_columns_scrBook_scrBody">1‏:1‏-2 </text:span><text:span text:style-name="span_.dv_NoteGeneralParagraph_Paragraph_scrSection_columns_scrBook_scrBody">ނިނީވާ އަކީ އުތުރު އީރާގުގެ ޓިގުރިސް ކޯރުގެ ކައިރި ހިސާބުގެ ރަށެއް. މިރަށް އޮންނަނީ މޯސެލްއާ ކުރިމަތީގައި.</text:span><text:span text:style-name="span_.dv_Paragraph_scrSection_columns_scrBook_scrBody">  ނިނީވާގެ މީހުންގެ އުޅުން މާބޮޑަށް ގޯސްވެއްޖެ. އެކަން ތިމަންކަލާނގެ ސަމާލުކަމަށް އަތުވެއްޖެ. އެވާހަކަ އެމީހުންގެ ގާތުގައި ގޮސް ބުނޭ!“</text:span></text:p><text:p text:style-name="Paragraph_scrSection_columns_scrBook_scrBody"><text:span text:style-name="span_.dv_Paragraph_scrSection_columns_scrBook_scrBody"> <text:span text:style-name="VerseNumber_.dv_Paragraph_scrSection_columns_scrBook_scrBody">  3 </text:span>މިހެން އެންގެވީމާ ޔޫނުސްގެފާނު ކަންކުރެއްވި ގޮތަކީ އިސްރާއީލުގެ</text:span><text:span text:style-name="NoteTargetReference_.dv_NoteGeneralParagraph_Paragraph_scrSection_columns_scrBook_scrBody">1‏:3 </text:span><text:span text:style-name="span_.dv_NoteGeneralParagraph_Paragraph_scrSection_columns_scrBook_scrBody">ޔާފާ އަކީ އިސްރާއީލުގެ ހައިފާއާއި މިސްރާ ދެމެގައި އޮންނަ ރަށެއް.</text:span><text:span text:style-name="span_.dv_Paragraph_scrSection_columns_scrBook_scrBody">  ޔާފާގެ ގޮނޑުދޮށަށް ވަޑައިގެން އެތަނުން އޮޑިއަކަށް ކުލިދައްކަވައި އެއަށް އަރުއްވައިގެން ނިނީވާއާ ދިމާ އިދިކޮޅަށް ދާން އޮންނަ</text:span><text:span text:style-name="NoteTargetReference_.dv_NoteGeneralParagraph_Paragraph_scrSection_columns_scrBook_scrBody">1‏:3 </text:span><text:span text:style-name="span_.dv_NoteGeneralParagraph_Paragraph_scrSection_columns_scrBook_scrBody">ތަރްސީސްއަކީ ނޫޙުގެފާނުގެ ކާފަ ދަރިކަލުންނަށް ނިސްބަތް ކުރެވިފައިވާ ނަމެކެވެ. އެއީ މިހާރުގެ ސްޕޭންގެ ރަށެއް ކަމަށް ވާ ތަރްސީސްއެވެ.</text:span><text:span text:style-name="span_.dv_Paragraph_scrSection_columns_scrBook_scrBody">  ތަރްސީސްއަށް ދިއުމަށް ދަތުރު ފެއްޓެވީއެވެ. މާތްރަސްކަލާނގެއަށް ފިއްލެވުމަށް ކަމަށް ހިތައެވެ.</text:span></text:p><text:p text:style-name="Paragraph_scrSection_columns_scrBook_scrBody"><text:span text:style-name="span_.dv_Paragraph_scrSection_columns_scrBook_scrBody"> <text:span text:style-name="VerseNumber_.dv_Paragraph_scrSection_columns_scrBook_scrBody">  4 </text:span>ކަނޑު ދެބައި ނުވަނީސް މާތްރަސްކަލާނގެ އަމުރުފުޅަށް ގަދަފަދަ ވައިރޯޅިއެއް އައިސް ކަނޑު ގަދަކޮށްލައިފިއެވެ. އިސާހިތަކު އޮޑިއަށް ނުކަތާ ވަރުވެއްޖެއެވެ. ހީވަނީ ހަމަ ދެންމެ ދެންމެ އޮޑި ފުނޑުފުނޑުވެ ޣަރަގުވެދާނެ ހެންނެވެ. </text:span><text:span text:style-name="span_.dv_Paragraph_scrSection_columns_scrBook_scrBody"> <text:span text:style-name="VerseNumber_.dv_Paragraph_scrSection_columns_scrBook_scrBody"> 5 </text:span>ފަޅުވެރިން ބިރުން ގޮތްހުސްވެ އެމީހަކު ދަންނަ ކަލާނގެއަކަށް ދުޢާކޮށް ކިޔުނު ހެޔޮ އެއްޗެއް ކިޔާ ރޮއިހޭރެން ފަށައިފިއެވެ. އަދި އެމީހެއްގެ އަތުޖެހުނު އެއްޗެއް ކަނޑަށް އުކައި އޮޑި ފެންމަތީގައި ބެހެއްޓޭތޯ މަސައްކަތް ކުރަން ފަށައިފިއެވެ. މިކަންތައް ހިނގަމުން ދިޔައިރު ޔޫނުސްގެފާނު އޮންނެވީ ވަތުތެރަށް އެރިވަޑައިގެން ގަދަ އަވަހާރަފުޅުގައެވެ. </text:span><text:span text:style-name="span_.dv_Paragraph_scrSection_columns_scrBook_scrBody"> <text:span text:style-name="VerseNumber_.dv_Paragraph_scrSection_columns_scrBook_scrBody"> 6 </text:span>އޮޑީގެ ކައްޕިތާނަށް މިކަން އެނގުމުން އެކަލޭގެފާނަށް ގޮވައި ހޭފުޅު ލައްވައިފިއެވެ. ”މިވަރުވެގެން ދާއިރުވެސް ކަލޭ ތިއޮންނަނީ ނިދާފައިތަ؟“ ކައްޕިތާނު ރުޅިއައިސްގެން ބުންޏެވެ. ”ތެދުވެ ކަލޭގެ ކަލާނގެއަށް ވެސް ދަންނަވާބަލަ މި މުސީބާތުން އަހަރެމެން މިންޖު ކޮށްދެއްވާތޯ.“</text:span></text:p><text:p text:style-name="Paragraph_scrSection_columns_scrBook_scrBody"><text:span text:style-name="span_.dv_Paragraph_scrSection_columns_scrBook_scrBody"> <text:span text:style-name="VerseNumber_.dv_Paragraph_scrSection_columns_scrBook_scrBody">  7 </text:span>މި މުސީބާތެއް އެމީހުންނަށް މި ލައިގަތީ ކީއްވެތޯ ބެލުމަށް ފަޅުވެރިން އޭރު ދަނީ ފާލު ބަލަމުންނެވެ. ފާލަށް އެރީ އެކަލޭގެފާނެވެ. </text:span><text:span text:style-name="span_.dv_Paragraph_scrSection_columns_scrBook_scrBody"> <text:span text:style-name="VerseNumber_.dv_Paragraph_scrSection_columns_scrBook_scrBody"> 8 </text:span>”ކަލޭ ތީ ކޮންތާކުން އައިސް އަރާހުރި ކާކުތަ؟“ އެމީހުން ހަޅޭލަވައިގަތެވެ. ”އަހަރެމެންނަށް މި މުސީބާތެއް މި ލައިގަތީ ކީއްވެތަ؟ ކަލޭ ތީ ކީއްކުރާ މީހެއްތަ؟“</text:span></text:p></office:text></office:body></office:document-content>