<?xml version="1.0"?><office:document-content xmlns:office="urn:oasis:names:tc:opendocument:xmlns:office:1.0" xmlns:style="urn:oasis:names:tc:opendocument:xmlns:style:1.0" xmlns:text="urn:oasis:names:tc:opendocument:xmlns:text:1.0" xmlns:table="urn:oasis:names:tc:opendocument:xmlns:table:1.0" xmlns:draw="urn:oasis:names:tc:opendocument:xmlns:drawing:1.0" xmlns:fo="urn:oasis:names:tc:opendocument:xmlns:xsl-fo-compatible:1.0" xmlns:xlink="http://www.w3.org/1999/xlink" xmlns:dc="http://purl.org/dc/elements/1.1/" xmlns:meta="urn:oasis:names:tc:opendocument:xmlns:meta:1.0" xmlns:number="urn:oasis:names:tc:opendocument:xmlns:datastyle:1.0" xmlns:svg="urn:oasis:names:tc:opendocument:xmlns:svg-compatible:1.0" xmlns:chart="urn:oasis:names:tc:opendocument:xmlns:chart:1.0" xmlns:dr3d="urn:oasis:names:tc:opendocument:xmlns:dr3d:1.0" xmlns:math="http://www.w3.org/1998/Math/MathML" xmlns:form="urn:oasis:names:tc:opendocument:xmlns:form:1.0" xmlns:script="urn:oasis:names:tc:opendocument:xmlns:script:1.0" xmlns:ooo="http://openoffice.org/2004/office" xmlns:ooow="http://openoffice.org/2004/writer" xmlns:oooc="http://openoffice.org/2004/calc" xmlns:dom="http://www.w3.org/2001/xml-events" xmlns:xforms="http://www.w3.org/2002/xforms" xmlns:xsd="http://www.w3.org/2001/XMLSchema" xmlns:xsi="http://www.w3.org/2001/XMLSchema-instance" xmlns:rpt="http://openoffice.org/2005/report" xmlns:of="urn:oasis:names:tc:opendocument:xmlns:of:1.2" xmlns:xhtml="http://www.w3.org/1999/xhtml" xmlns:grddl="http://www.w3.org/2003/g/data-view#" xmlns:field="urn:openoffice:names:experimental:ooo-ms-interop:xmlns:field:1.0" xmlns:formx="urn:openoffice:names:experimental:ooxml-odf-interop:xmlns:form:1.0"><office:scripts><office:event-listeners><script:event-listener script:language="ooo:script" script:event-name="dom:load" xlink:href="vnd.sun.star.script:Standard.Module1.StartDontForget?language=Basic&amp;location=document" /></office:event-listeners></office:scripts><office:font-face-decls><style:font-face style:name="Times New Roman" svg:font-family="'Times New Roman'" style:font-family-generic="roman" style:font-pitch="variable" /><style:font-face style:name="Yi plus Phonetics" svg:font-family="'Yi plus Phonetics'" /><style:font-face style:name="Arial" svg:font-family="'Arial'" style:font-family-generic="swiss" style:font-pitch="variable" /><style:font-face style:name="Lucida Sans Unicode" svg:font-family="'Lucida Sans Unicode'" style:font-family-generic="system" style:font-pitch="variable" /><style:font-face style:name="MS Mincho" svg:font-family="'MS Mincho'" style:font-family-generic="system" style:font-pitch="variable" /><style:font-face style:name="Tahoma" svg:font-family="'Tahoma'" style:font-family-generic="system" style:font-pitch="variable" /><style:font-face style:name="Scheherazade Graphite Alpha" svg:font-family="'Scheherazade Graphite Alpha'" /><style:font-face style:name="Latha" svg:font-family="'Latha'" /></office:font-face-decls><office:automatic-styles><style:style style:name="P2" style:family="paragraph" style:parent-style-name="copyright_dicBody" style:master-page-name="TableofContents_20_Page"><style:paragraph-properties style:page-number="auto" /></style:style><style:style style:name="P4" style:family="paragraph" style:master-page-name="First_20_Page"><style:paragraph-properties style:page-number="1" /></style:style><style:style style:name="P5" style:family="paragraph" style:parent-style-name="Text"><style:paragraph-properties fo:text-align="center" style:justify-single-word="false" /></style:style><style:style style:name="T4" style:family="text"><style:text-properties text:display="none" /></style:style><style:style style:name="fr0" style:family="graphic" style:parent-style-name="Graphics"><style:graphic-properties style:run-through="background" style:wrap="run-through" style:number-wrapped-paragraphs="no-limit" style:horizontal-pos="center" style:horizontal-rel="paragraph" fo:clip="rect(0pt, 0pt, 0pt, 0pt)" draw:luminance="0%" draw:contrast="0%" draw:red="0%" draw:green="0%" draw:blue="0%" draw:gamma="100%" draw:color-inversion="false" draw:image-opacity="100%" draw:color-mode="standard" /></style:style><style:style style:name="P2" style:family="paragraph" style:parent-style-name="Frame_20_contents"><style:paragraph-properties fo:text-align="end" style:justify-single-word="false" /></style:style><style:style style:name="fr1" style:family="graphic" style:parent-style-name="Frame"><style:graphic-properties style:wrap="none" style:vertical-pos="from-top" style:vertical-rel="page" style:horizontal-pos="center" style:horizontal-rel="paragraph-content" fo:padding="0pt" fo:border="none" style:flow-with-text="false" /></style:style>
  <style:style style:name="Sect_scrBook" style:family="section" xmlns:style="urn:oasis:names:tc:opendocument:xmlns:style:1.0">
    <style:section-properties text:dont-balance-text-columns="false" style:editable="false" xmlns:text="urn:oasis:names:tc:opendocument:xmlns:text:1.0">
      <style:columns fo:column-count="1" xmlns:fo="urn:oasis:names:tc:opendocument:xmlns:xsl-fo-compatible:1.0" />
    </style:section-properties>
  </style:style>

  <style:style style:name="Sect_columns" style:family="section" xmlns:style="urn:oasis:names:tc:opendocument:xmlns:style:1.0">
    <style:section-properties text:dont-balance-text-columns="false" style:editable="false" xmlns:text="urn:oasis:names:tc:opendocument:xmlns:text:1.0">
      <style:columns fo:column-count="2" xmlns:fo="urn:oasis:names:tc:opendocument:xmlns:xsl-fo-compatible:1.0">
        <style:column style:rel-width="3.02231*" fo:start-indent="0in" fo:end-indent="0.08333334in" />
        <style:column style:rel-width="3.02231*" fo:start-indent="0.08333334in" fo:end-indent="0in" />
        <style:column-sep style:width="1pt" style:color="#808080" />
      </style:columns>
    </style:section-properties>
  </style:style>

  <style:style style:name="Sect_frtColumns" style:family="section" xmlns:style="urn:oasis:names:tc:opendocument:xmlns:style:1.0">
    <style:section-properties text:dont-balance-text-columns="false" style:editable="false" xmlns:text="urn:oasis:names:tc:opendocument:xmlns:text:1.0">
      <style:columns fo:column-count="1" xmlns:fo="urn:oasis:names:tc:opendocument:xmlns:xsl-fo-compatible:1.0">
        <style:column-sep style:width="1pt" style:color="#808080" />
      </style:columns>
    </style:section-properties>
  </style:style>
</office:automatic-styles><office:body><office:text><text:variable-decls><text:variable-decl office:value-type="string" text:name="Left_Guideword_L" /><text:variable-decl office:value-type="string" text:name="RLeft_Guideword_L" /><text:variable-decl office:value-type="string" text:name="Right_Guideword_R" /><text:variable-decl office:value-type="string" text:name="RRight_Guideword_R" /></text:variable-decls><text:sequence-decls><text:sequence-decl text:display-outline-level="0" text:name="Illustration" /><text:sequence-decl text:display-outline-level="0" text:name="Table" /><text:sequence-decl text:display-outline-level="0" text:name="Text" /><text:sequence-decl text:display-outline-level="0" text:name="Drawing" /></text:sequence-decls><text:p text:style-name="P4" /><text:section text:style-name="Sect_scrBook" text:name="Sect_scrBook"><text:h text:style-name="scrBook_scrBody" text:outline-level="2"><text:span text:style-name="scrBookName_.zxx_scrBook_scrBody">Matiu </text:span><text:span text:style-name="scrBookCode_.zxx_scrBook_scrBody">MAT</text:span></text:h><text:p text:style-name="TitleSecondary_.zxx_TitleMain_scrBook_scrBody">Na Rorongo Ke Toke Eigna A Jisas Krais</text:p><text:p text:style-name="TitleMain_scrBook_scrBody"><text:span text:style-name="span_.zxx_TitleMain_scrBook_scrBody">Sen Matiu Ke Risoa</text:span></text:p><text:p text:style-name="IntroSectionHead_scrIntroSection_scrBook_scrBody"><text:span text:style-name="span_.zxx_IntroSectionHead_scrIntroSection_scrBook_scrBody">Na Titiono Eigna Na Buka Iaani</text:span></text:p><text:p text:style-name="IntroParagraph_scrIntroSection_scrBook_scrBody"><text:span text:style-name="span_.zxx_IntroParagraph_scrIntroSection_scrBook_scrBody">A Matiu sikei itadia e salaghe rua na mane vaovarongo nigna a Jisas. Gi e kiloa a Jisas bali nigna na mane vaovarongo, imanea sina mane bali oho takis tadia mara Jiu vania na gaumane gna i Rom. Kori vido a Mak ma a Luk koro titiono eigna imanea kori rodia na rioriso, romara koro kiloagna Livae. Reghia Mak 2:14; Luk 5:27.</text:span></text:p><text:p text:style-name="IntroParagraph_scrIntroSection_scrBook_scrBody"><text:span text:style-name="span_.zxx_IntroParagraph_scrIntroSection_scrBook_scrBody">Matiu ke risoa na buka iaani vanira nigna na komi tinoni, mara Jiu. Sethe na vinogha gi e mai a Jisas, na komi profet kena risoa tadia na komi Rioriso ke Tabu a God keda vetula maia sina mane kena kiloagna “Mesaea” ba “Vahavi” bali hathera na komi tinoni Jiu. Keana kori vido a Jisas ke mai, na komi tinoni Jiu kena ghaghana ruarua eigna imanea. Mara na Farise mi mara na Sadiusi mi mara puhidia mara Jiu kena siriuhaghinia a Jisas. Mara Jiu kena toatogha a Vahavi keda mai duagna na mana ke hutu me keda rihura nidia na komi thevuioka me keda vunaghi pungusira thovohaliu. Imarea kena toatogha e boi jino a Vahavi keda thehe kori ghaibabala eigna iangeni keda tateli aua e teo sa nigna na mana.</text:span></text:p><text:p text:style-name="IntroParagraph_scrIntroSection_scrBook_scrBody"><text:span text:style-name="span_.zxx_IntroParagraph_scrIntroSection_scrBook_scrBody">Matiu ke risoa na buka iaani eigna na komi tinoni Jiu kedana reghivaughithatha a Jisas a pukuni Vahavi, mi imanea nidia na king. Matiu ke titionora na komi rioriso eigna a Vahavi ke mono tadia na komi Rioriso ke Tabu. Imanea ke tateli aua na komi rioriso irangeni ke tate mai tutuni kori vido a Jisas ke mai me mono kori maramagna.</text:span></text:p><text:section text:style-name="Sect_columns" text:name="Sect_columns"><text:p text:style-name="iot_scrSection_columns_scrBook_scrBody"><text:span text:style-name="span_.zxx_span_.zxx_iot_scrSection_columns_scrBook_scrBody">Na Komi Fata Ke Nagho Kori Buka Iaani:</text:span></text:p><text:p text:style-name="IntroListItem1_scrSection_columns_scrBook_scrBody"><text:span text:style-name="span_.zxx_IntroListItem1_scrSection_columns_scrBook_scrBody">Na havigna mai a Jisas (1:1--2:23)</text:span></text:p><text:p text:style-name="IntroListItem1_scrSection_columns_scrBook_scrBody"><text:span text:style-name="span_.zxx_IntroListItem1_scrSection_columns_scrBook_scrBody">Nigna na titiono a Jon Siuvitabu (3:1-12)</text:span></text:p><text:p text:style-name="IntroListItem1_scrSection_columns_scrBook_scrBody"><text:span text:style-name="span_.zxx_IntroListItem1_scrSection_columns_scrBook_scrBody">Na siuvitabu ma na auaugna a Jisas (3:13--4:11)</text:span></text:p><text:p text:style-name="IntroListItem1_scrSection_columns_scrBook_scrBody"><text:span text:style-name="span_.zxx_IntroListItem1_scrSection_columns_scrBook_scrBody">Nigna na agutu a Jisas i Galili (4:12--18:35)</text:span></text:p><text:p text:style-name="IntroListItem1_scrSection_columns_scrBook_scrBody"><text:span text:style-name="span_.zxx_IntroListItem1_scrSection_columns_scrBook_scrBody">A Jisas ke taveti au i Galili me vano i Jerusalem (19:1--20:34)</text:span></text:p><text:p text:style-name="IntroListItem1_scrSection_columns_scrBook_scrBody"><text:span text:style-name="span_.zxx_IntroListItem1_scrSection_columns_scrBook_scrBody">Na vagougovui wik a Jisas ke mono i Jerusalem (21:1--25:46)</text:span></text:p><text:p text:style-name="IntroListItem1_scrSection_columns_scrBook_scrBody"><text:span text:style-name="span_.zxx_IntroListItem1_scrSection_columns_scrBook_scrBody">A Jisas ke thehe me ghoi havi tabiru (26:1--28:20)</text:span></text:p><text:p text:style-name="SectionHeadMinor_scrSection_columns_scrBook_scrBody"><text:span text:style-name="span_.zxx_SectionHeadMinor_scrSection_columns_scrBook_scrBody">A Jisas Krais Ke Havi Mai</text:span></text:p><text:p text:style-name="ParallelPassageReference_scrSection_columns_scrBook_scrBody"><text:span text:style-name="span_.zxx_ParallelPassageReference_scrSection_columns_scrBook_scrBody">(Luk 2:1-7)</text:span></text:p><text:p text:style-name="Paragraph_scrSection_columns_scrBook_scrBody"><text:span text:style-name="span_.zxx_Paragraph_scrSection_columns_scrBook_scrBody"> <text:span text:style-name="VerseNumber_.zxx_Paragraph_scrSection_columns_scrBook_scrBody">  18 </text:span>Iaani na titiono eigna na havigna mai a Jisas Krais. A Meri, a idogna a Jisas, kena parua ghohi bali taulaghi tagna a Josep. Roira koro boi mono haidu mua, kari a Meri ke boebote kori mana nigna na Tarunga ke Tabu. </text:span><text:span text:style-name="span_.zxx_Paragraph_scrSection_columns_scrBook_scrBody"> <text:span text:style-name="VerseNumber_.zxx_Paragraph_scrSection_columns_scrBook_scrBody"> 19 </text:span>A Josep na mane jino me bosi magnahaghinia keda vamaomamoa a Meri naghodia na mavitu. Na vunegna iangeni, imanea ke haga agutu poloa na vateoagna rodia na paru.</text:span></text:p><text:p text:style-name="Paragraph_scrSection_columns_scrBook_scrBody"><text:span text:style-name="span_.zxx_Paragraph_scrSection_columns_scrBook_scrBody"> <text:span text:style-name="VerseNumber_.zxx_Paragraph_scrSection_columns_scrBook_scrBody">  20 </text:span>Kori vido a Josep ke talu toatogha na eiagna na puhi iangeni, sina enjel nigna a God ke tate vania kori maumaturungita me veleagna, “Josep, vinahuhugna a King Deved, o saghoi mataghu na taulaghi tagna a Meri, eigna iia ke boebote ghohi kori mana nigna na Tarunga ke Tabu. </text:span><text:span text:style-name="span_.zxx_Paragraph_scrSection_columns_scrBook_scrBody"> <text:span text:style-name="VerseNumber_.zxx_Paragraph_scrSection_columns_scrBook_scrBody"> 21 </text:span>Iia keda vahua a dathegna mane, mo koda tughunia na ahagna a Jisas,</text:span><text:note text:id="ftn1" text:note-class="footnote"><text:note-citation text:label="†">†</text:note-citation><text:note-body><text:p text:style-name="NoteGeneralParagraph"><text:span text:style-name="NoteGeneralParagraph..footnote-marker">1:21 </text:span><text:span text:style-name="span_.zxx_NoteGeneralParagraph_Paragraph_scrSection_columns_scrBook_scrBody">Na ghaghana ikoragna na ahagna Jisas, “Vahavi.” </text:span></text:p></text:note-body></text:note><text:bookmark text:name="footnote-mat-3" /><text:span text:style-name="span_.zxx_Paragraph_scrSection_columns_scrBook_scrBody">  eigna imanea keda vahavira nigna na mavitu eigna na komi paluhadia.”</text:span></text:p><text:p text:style-name="Paragraph_scrSection_columns_scrBook_scrBody"><text:span text:style-name="span_.zxx_Paragraph_scrSection_columns_scrBook_scrBody"> <text:span text:style-name="VerseNumber_.zxx_Paragraph_scrSection_columns_scrBook_scrBody">  22 </text:span>Na komi fata iraani e mono mai eigna keda tutuni na hava a God ke vele aua i hau ma na nigna na profet Aesaea ke risoa. A God ke velea, </text:span><text:span text:style-name="span_.zxx_Paragraph_scrSection_columns_scrBook_scrBody"> <text:span text:style-name="VerseNumber_.zxx_Paragraph_scrSection_columns_scrBook_scrBody"> 23 </text:span>“Na vaivine ke boi nere duagna sa mane keda boebote me keda vahua a dathegna mane, ma na komi tinoni kedana kiloagna Imaniuel.” Na ghaghana ikoragna na aha iangeni, “A God ke mono duada.” </text:span><text:note text:id="ftn2" text:note-class="footnote"><text:note-citation text:label="†">†</text:note-citation><text:note-body><text:p text:style-name="NoteCrossHYPHENReferenceParagraph"><text:span text:style-name="NoteCrossHYPHENReferenceParagraph..footnote-marker">1:23 </text:span><text:span text:style-name="span_.zxx_NoteCrossHYPHENReferenceParagraph_Paragraph_scrSection_columns_scrBook_scrBody">Aesaea 7:14, 8:8, 8:10 </text:span></text:p></text:note-body></text:note><text:bookmark text:name="footnote-mat-4" /></text:p><text:p text:style-name="Paragraph_scrSection_columns_scrBook_scrBody"><text:span text:style-name="span_.zxx_Paragraph_scrSection_columns_scrBook_scrBody"> <text:span text:style-name="VerseNumber_.zxx_Paragraph_scrSection_columns_scrBook_scrBody"> 24 </text:span>Kori vido ke rarai, a Josep ke leghua na haghoregna na enjel nigna a Lod. Imanea ke taulaghi tagna a Meri, </text:span><text:span text:style-name="span_.zxx_Paragraph_scrSection_columns_scrBook_scrBody"> <text:span text:style-name="VerseNumber_.zxx_Paragraph_scrSection_columns_scrBook_scrBody"> 25 </text:span>keana e boi nere haidu duagna me ghieghilei havi mai na gari. Ma a Josep ke tughunia na ahagna a Jisas.</text:span></text:p><text:p text:style-name="SectionHeadMinor_scrSection_columns_scrBook_scrBody"><text:span text:style-name="span_.zxx_SectionHeadMinor_scrSection_columns_scrBook_scrBody">Mara Maghoi Kena Mai Mena Sighoa A Jisas</text:span></text:p><text:p text:style-name="ChapterNumber1"><text:span text:style-name="ChapterNumber_.zxx_Paragraph_scrSection_columns_scrBook_scrBody">2</text:span><text:span text:style-name="ChapterNumber_.zxx"><text:variable-set text:name="Left_Guideword_L" text:display="none" text:formula="ooow: Matiu 2" office:value-type="string" office:string-value="Matiu 2" /></text:span><text:span text:style-name="ChapterNumber_.zxx"><text:variable-set text:name="RLeft_Guideword_L" text:display="none" text:formula="ooow: " office:value-type="string" office:string-value="" /></text:span><text:span text:style-name="ChapterNumber_.zxx"><text:variable-set text:name="Right_Guideword_R" text:display="none" text:formula="ooow: Matiu 2" office:value-type="string" office:string-value="Matiu 2" /></text:span><text:span text:style-name="ChapterNumber_.zxx"><text:variable-set text:name="RRight_Guideword_R" text:display="none" text:formula="ooow: " office:value-type="string" office:string-value="" /></text:span><text:span /><text:span text:style-name="span_.zxx_Paragraph_scrSection_columns_scrBook_scrBody"> <text:span text:style-name="VerseNumber_.zxx_Paragraph_scrSection_columns_scrBook_scrBody">  1 </text:span>Jisas ke havi mai i Betlehem kori provins i Jiudea kori vido a Herod ke king i Jiudea. Leghugna ke havi mai a Jisas, kekeha mara Maghoi eidia sina meleha i eta vavaho kena taveti mai mena jufu i Jerusalem.</text:span></text:p><text:p text:style-name="picturePage_Paragraph_scrSection_columns_scrBook_scrBody"><draw:frame draw:style-name="fr2" draw:name="Frame2" text:anchor-type="page" draw:z-index="1" svg:width="165.67794pt" svg:height="72pt"><draw:text-box fo:min-height="1in"><text:p text:style-name="P5"><draw:frame draw:style-name="gr2" draw:name="Graphics2" text:anchor-type="paragraph" svg:width="165.67794pt" svg:height="72pt"><draw:image xlink:type="simple" xlink:show="embed" xlink:actuate="onLoad" xlink:href="Pictures/cn01629b.tif" /><svg:title>cn01629b.tif</svg:title></draw:frame><text:span text:style-name="span_.zxx_pictureCaption_picturePage_Paragraph_scrSection_columns_scrBook_scrBody">Mara Maghoi eidia sina meleha i eta vavaho kena taveti mai mena jufu i Betlehem</text:span></text:p></draw:text-box></draw:frame></text:p><text:p text:style-name="Paragraph_scrSection_columns_scrBook_scrBody"><text:span text:style-name="span_.zxx_Paragraph_scrSection_columns_scrBook_scrBody"> <text:span text:style-name="VerseNumber_.zxx_Paragraph_scrSection_columns_scrBook_scrBody">  2 </text:span>Imarea kena huahuati kilili vaghagna iaani, “Ivei ke havi mai na gari keda vunaghi pungusira mara Jiu? Ighami kiti reghia na vaitughu kori vido ke hadi mai i eta ma na vaitughu iangeni ke tatelia vanighami imanea ke havi ghohi. Na vunegna iangeni, ighami kiti mai eigna kitida maimanihihia nimami imanea.”</text:span></text:p><text:p text:style-name="Paragraph_scrSection_columns_scrBook_scrBody"><text:span text:style-name="span_.zxx_Paragraph_scrSection_columns_scrBook_scrBody"> <text:span text:style-name="VerseNumber_.zxx_Paragraph_scrSection_columns_scrBook_scrBody">  3 </text:span>Kori vido a King Herod ke rongovia na rorongo iaani, imanea ke boi toke na ghaghanagna, me vaghagna ghua na mavitu gougovu i Jerusalem. </text:span><text:span text:style-name="span_.zxx_Paragraph_scrSection_columns_scrBook_scrBody"> <text:span text:style-name="VerseNumber_.zxx_Paragraph_scrSection_columns_scrBook_scrBody"> 4 </text:span>Imanea ke kilo haidura mara na naghoi pris, mi mara na velepuhigna na vetula</text:span><text:note text:id="ftn3" text:note-class="footnote"><text:note-citation text:label="†">†</text:note-citation><text:note-body><text:p text:style-name="NoteGeneralParagraph"><text:span text:style-name="NoteGeneralParagraph..footnote-marker">2:4 </text:span><text:span text:style-name="ReferencedText_.zxx_NoteGeneralParagraph_Paragraph_scrSection_columns_scrBook_scrBody">Mara na velepuhigna na vetula:</text:span><text:span text:style-name="span_.zxx_NoteGeneralParagraph_Paragraph_scrSection_columns_scrBook_scrBody">Reghia kori Diksonari. </text:span></text:p></text:note-body></text:note><text:bookmark text:name="footnote-mat-5" /><text:span text:style-name="span_.zxx_Paragraph_scrSection_columns_scrBook_scrBody">  me huatira, “Na komi profet kena velea ivei keda havi mai a Vahavi na?”</text:span></text:p><text:p text:style-name="Paragraph_scrSection_columns_scrBook_scrBody"><text:span text:style-name="span_.zxx_Paragraph_scrSection_columns_scrBook_scrBody"> <text:span text:style-name="VerseNumber_.zxx_Paragraph_scrSection_columns_scrBook_scrBody">  5 </text:span>Imarea kena haghore tughua, “A Vahavi keda havi mai i Betlehem, na meleha kori provins i Jiudea. Vaghagna a profet Maika ke risoa,</text:span></text:p><text:p text:style-name="Line1_scrSection_columns_scrBook_scrBody"><text:span text:style-name="span_.zxx_Line1_scrSection_columns_scrBook_scrBody"> <text:span text:style-name="VerseNumber_.zxx_Line1_scrSection_columns_scrBook_scrBody">  6 </text:span>‘Betlehem, ighoe sina meleha ko nagho puala kori provins i Jiudea,</text:span></text:p><text:p text:style-name="Line1_scrSection_columns_scrBook_scrBody"><text:span text:style-name="span_.zxx_Line1_scrSection_columns_scrBook_scrBody">eigna sina king keda au mai itamua</text:span></text:p><text:p text:style-name="Line1_scrSection_columns_scrBook_scrBody"><text:span text:style-name="span_.zxx_Line1_scrSection_columns_scrBook_scrBody">mi imanea keda batura me reireghira nigua na mavitu Israel.’ ” </text:span><text:note text:id="ftn4" text:note-class="footnote"><text:note-citation text:label="†">†</text:note-citation><text:note-body><text:p text:style-name="NoteCrossHYPHENReferenceParagraph"><text:span text:style-name="NoteCrossHYPHENReferenceParagraph..footnote-marker">2:6 </text:span><text:span text:style-name="span_.zxx_NoteCrossHYPHENReferenceParagraph_Line1_scrSection_columns_scrBook_scrBody">Maika 5:2 </text:span></text:p></text:note-body></text:note><text:bookmark text:name="footnote-mat-6" /></text:p><text:p text:style-name="Paragraph_scrSection_columns_scrBook_scrBody"><text:span text:style-name="span_.zxx_Paragraph_scrSection_columns_scrBook_scrBody"> <text:span text:style-name="VerseNumber_.zxx_Paragraph_scrSection_columns_scrBook_scrBody"> 7 </text:span>King Herod ke kilora mai mara Maghoi eigna kedana haidu ghehedia duagna. Gi e huatira eigna ingiha kena kidi reghia na vaitughu. </text:span><text:span text:style-name="span_.zxx_Paragraph_scrSection_columns_scrBook_scrBody"> <text:span text:style-name="VerseNumber_.zxx_Paragraph_scrSection_columns_scrBook_scrBody"> 8 </text:span>Imanea ke velera, “Oti vano i Betlehem moti hiro toetoke maia na gari iangeni. Kori vido kotida reghi pada imanea, oti ghoi tabiru mai itagua moti varorongou eigna inau huju u magnahaghinia mua kuda vano mu maimanihihia nigua.”</text:span></text:p><text:p text:style-name="Paragraph_scrSection_columns_scrBook_scrBody"><text:span text:style-name="span_.zxx_Paragraph_scrSection_columns_scrBook_scrBody"> <text:span text:style-name="VerseNumber_.zxx_Paragraph_scrSection_columns_scrBook_scrBody">  9‑10 </text:span>Leghugna iaani, mara Maghoi kena taveti au mena ghoi reghia na vaitughu kena reghia ghohi i hau. Imarea kena totogo hutu puala na reghiagna. Na vaitughu ke batura me ghieghilei soto popogna na vathe ke mono na gari. </text:span><text:span text:style-name="span_.zxx_Paragraph_scrSection_columns_scrBook_scrBody"> <text:span text:style-name="VerseNumber_.zxx_Paragraph_scrSection_columns_scrBook_scrBody"> 11 </text:span>Mara Maghoi kena haghe kori vathe mena reghia na gari duagna a idogna Meri. Imarea kena pogho horu mena maimanihihia na gari. Gi ena hati aura nidia na komi dotho mena dotho vania na gol, na frankinsens, ma na muru.</text:span><text:note text:id="ftn5" text:note-class="footnote"><text:note-citation text:label="†">†</text:note-citation><text:note-body><text:p text:style-name="NoteGeneralParagraph"><text:span text:style-name="NoteGeneralParagraph..footnote-marker">2:11 </text:span><text:span text:style-name="ReferencedText_.zxx_NoteGeneralParagraph_Paragraph_scrSection_columns_scrBook_scrBody">Na frankinsens ma na muru:</text:span><text:span text:style-name="span_.zxx_NoteGeneralParagraph_Paragraph_scrSection_columns_scrBook_scrBody">E rua na thagi ghaighubagha.</text:span></text:p></text:note-body></text:note><text:bookmark text:name="footnote-mat-7" /></text:p><text:p text:style-name="Paragraph_scrSection_columns_scrBook_scrBody"><text:span text:style-name="span_.zxx_Paragraph_scrSection_columns_scrBook_scrBody"> <text:span text:style-name="VerseNumber_.zxx_Paragraph_scrSection_columns_scrBook_scrBody">  12 </text:span>Leghugna na dotho kena eia, imarea kena tabiru kori melehadia kori hangana ke tavogha eigna a God ke velera kori maumaturungita eigna kedana boi ghoi tabiru vano tagna a Herod.</text:span></text:p><text:p text:style-name="SectionHeadMinor_scrSection_columns_scrBook_scrBody"><text:span text:style-name="span_.zxx_SectionHeadMinor_scrSection_columns_scrBook_scrBody">Jisas Ke Velera Nigna Na Komi Vaovarongo Na </text:span>‌<text:span text:style-name="span_.zxx_SectionHeadMinor_scrSection_columns_scrBook_scrBody">  Agutu Kedana Eia</text:span></text:p><text:p text:style-name="ParallelPassageReference_scrSection_columns_scrBook_scrBody"><text:span text:style-name="span_.zxx_ParallelPassageReference_scrSection_columns_scrBook_scrBody">(Mak 16:14-18; Luk 24:36-49; Jon 20:19-23; Buka Tango 1:6-8)</text:span></text:p><text:p text:style-name="Paragraph_scrSection_columns_scrBook_scrBody"><text:span text:style-name="span_.zxx_Paragraph_scrSection_columns_scrBook_scrBody"> <text:span text:style-name="VerseNumber_.zxx_Paragraph_scrSection_columns_scrBook_scrBody">  16 </text:span>Salaghe sikei na mane vaovarongo kena vano i Galili mena vano hadi kori suasupa a Jisas ke kidi velera ghohi kedana vano itagna. </text:span><text:span text:style-name="span_.zxx_Paragraph_scrSection_columns_scrBook_scrBody"> <text:span text:style-name="VerseNumber_.zxx_Paragraph_scrSection_columns_scrBook_scrBody"> 17 </text:span>Kori vido kena jufu ingengeni, imarea kena reghia a Jisas mena maimanihihia. Keana kekeha itadia kena ghaghana ruarua eigna imanea.</text:span></text:p><text:p text:style-name="Paragraph_scrSection_columns_scrBook_scrBody"><text:span text:style-name="span_.zxx_Paragraph_scrSection_columns_scrBook_scrBody"> <text:span text:style-name="VerseNumber_.zxx_Paragraph_scrSection_columns_scrBook_scrBody">  18 </text:span>Gi a Jisas ke mai itadia me velera, “A God ke heu na mana eigna kuda vunaghi pungusira na komi fata gougovu i popo mi thepa. </text:span><text:span text:style-name="span_.zxx_Paragraph_scrSection_columns_scrBook_scrBody"> <text:span text:style-name="VerseNumber_.zxx_Paragraph_scrSection_columns_scrBook_scrBody"> 19 </text:span>Oti vano tadia na komi tinoni gougovu kori maramagna, moti titiono vanira eigna kedana nigua na komi vaovarongo. Oti siuvitabura kori ahagna na Mama, ma na Dathe ma na Tarunga ke Tabu. </text:span><text:span text:style-name="span_.zxx_Paragraph_scrSection_columns_scrBook_scrBody"> <text:span text:style-name="VerseNumber_.zxx_Paragraph_scrSection_columns_scrBook_scrBody"> 20 </text:span>Oti velepuhira eigna kedana leghua na komi fata gougovu ku veleghamu. Moti saghoi havaghinia inau kuda mono duamiu hahali me ghieghilei govu na maramagna iaani.”</text:span></text:p></text:section></text:section></office:text></office:body></office:document-content>