<?xml version="1.0"?><office:document-content xmlns:office="urn:oasis:names:tc:opendocument:xmlns:office:1.0" xmlns:style="urn:oasis:names:tc:opendocument:xmlns:style:1.0" xmlns:text="urn:oasis:names:tc:opendocument:xmlns:text:1.0" xmlns:table="urn:oasis:names:tc:opendocument:xmlns:table:1.0" xmlns:draw="urn:oasis:names:tc:opendocument:xmlns:drawing:1.0" xmlns:fo="urn:oasis:names:tc:opendocument:xmlns:xsl-fo-compatible:1.0" xmlns:xlink="http://www.w3.org/1999/xlink" xmlns:dc="http://purl.org/dc/elements/1.1/" xmlns:meta="urn:oasis:names:tc:opendocument:xmlns:meta:1.0" xmlns:number="urn:oasis:names:tc:opendocument:xmlns:datastyle:1.0" xmlns:svg="urn:oasis:names:tc:opendocument:xmlns:svg-compatible:1.0" xmlns:chart="urn:oasis:names:tc:opendocument:xmlns:chart:1.0" xmlns:dr3d="urn:oasis:names:tc:opendocument:xmlns:dr3d:1.0" xmlns:math="http://www.w3.org/1998/Math/MathML" xmlns:form="urn:oasis:names:tc:opendocument:xmlns:form:1.0" xmlns:script="urn:oasis:names:tc:opendocument:xmlns:script:1.0" xmlns:ooo="http://openoffice.org/2004/office" xmlns:ooow="http://openoffice.org/2004/writer" xmlns:oooc="http://openoffice.org/2004/calc" xmlns:dom="http://www.w3.org/2001/xml-events" xmlns:xforms="http://www.w3.org/2002/xforms" xmlns:xsd="http://www.w3.org/2001/XMLSchema" xmlns:xsi="http://www.w3.org/2001/XMLSchema-instance" xmlns:rpt="http://openoffice.org/2005/report" xmlns:of="urn:oasis:names:tc:opendocument:xmlns:of:1.2" xmlns:xhtml="http://www.w3.org/1999/xhtml" xmlns:grddl="http://www.w3.org/2003/g/data-view#" xmlns:field="urn:openoffice:names:experimental:ooo-ms-interop:xmlns:field:1.0" xmlns:formx="urn:openoffice:names:experimental:ooxml-odf-interop:xmlns:form:1.0"><office:scripts><office:event-listeners><script:event-listener script:language="ooo:script" script:event-name="dom:load" xlink:href="vnd.sun.star.script:Standard.Module1.StartDontForget?language=Basic&amp;location=document" /></office:event-listeners></office:scripts><office:font-face-decls><style:font-face style:name="Times New Roman" svg:font-family="'Times New Roman'" style:font-family-generic="roman" style:font-pitch="variable" /><style:font-face style:name="Yi plus Phonetics" svg:font-family="'Yi plus Phonetics'" /><style:font-face style:name="Arial" svg:font-family="'Arial'" style:font-family-generic="swiss" style:font-pitch="variable" /><style:font-face style:name="Lucida Sans Unicode" svg:font-family="'Lucida Sans Unicode'" style:font-family-generic="system" style:font-pitch="variable" /><style:font-face style:name="MS Mincho" svg:font-family="'MS Mincho'" style:font-family-generic="system" style:font-pitch="variable" /><style:font-face style:name="Tahoma" svg:font-family="'Tahoma'" style:font-family-generic="system" style:font-pitch="variable" /><style:font-face style:name="Scheherazade Graphite Alpha" svg:font-family="'Scheherazade Graphite Alpha'" /><style:font-face style:name="Latha" svg:font-family="'Latha'" /></office:font-face-decls><office:automatic-styles><style:style style:name="P2" style:family="paragraph" style:parent-style-name="copyright_dicBody" style:master-page-name="TableofContents_20_Page"><style:paragraph-properties style:page-number="auto" /></style:style><style:style style:name="P4" style:family="paragraph" style:master-page-name="First_20_Page"><style:paragraph-properties style:page-number="1" /></style:style><style:style style:name="P5" style:family="paragraph" style:parent-style-name="Text"><style:paragraph-properties fo:text-align="center" style:justify-single-word="false" /></style:style><style:style style:name="T4" style:family="text"><style:text-properties text:display="none" /></style:style><style:style style:name="fr0" style:family="graphic" style:parent-style-name="Graphics"><style:graphic-properties style:run-through="background" style:wrap="run-through" style:number-wrapped-paragraphs="no-limit" style:horizontal-pos="center" style:horizontal-rel="paragraph" fo:clip="rect(0pt, 0pt, 0pt, 0pt)" draw:luminance="0%" draw:contrast="0%" draw:red="0%" draw:green="0%" draw:blue="0%" draw:gamma="100%" draw:color-inversion="false" draw:image-opacity="100%" draw:color-mode="standard" /></style:style><style:style style:name="P2" style:family="paragraph" style:parent-style-name="Frame_20_contents"><style:paragraph-properties fo:text-align="end" style:justify-single-word="false" /></style:style><style:style style:name="fr1" style:family="graphic" style:parent-style-name="Frame"><style:graphic-properties style:wrap="none" style:vertical-pos="from-top" style:vertical-rel="page" style:horizontal-pos="center" style:horizontal-rel="paragraph-content" fo:padding="0pt" fo:border="none" style:flow-with-text="false" /></style:style>
  <style:style style:name="Sect_letHead" style:family="section" xmlns:style="urn:oasis:names:tc:opendocument:xmlns:style:1.0">
    <style:section-properties text:dont-balance-text-columns="false" style:editable="false" xmlns:text="urn:oasis:names:tc:opendocument:xmlns:text:1.0">
      <style:columns fo:column-count="1" xmlns:fo="urn:oasis:names:tc:opendocument:xmlns:xsl-fo-compatible:1.0" />
    </style:section-properties>
  </style:style>

  <style:style style:name="Sect_letData" style:family="section" xmlns:style="urn:oasis:names:tc:opendocument:xmlns:style:1.0">
    <style:section-properties text:dont-balance-text-columns="false" style:editable="false" xmlns:text="urn:oasis:names:tc:opendocument:xmlns:text:1.0">
      <style:columns fo:column-count="2" xmlns:fo="urn:oasis:names:tc:opendocument:xmlns:xsl-fo-compatible:1.0">
        <style:column style:rel-width="3.02231*" fo:start-indent="0in" fo:end-indent="0.08333334in" />
        <style:column style:rel-width="3.02231*" fo:start-indent="0.08333334in" fo:end-indent="0in" />
        <style:column-sep style:width="1pt" style:color="#808080" />
      </style:columns>
    </style:section-properties>
  </style:style>

  <style:style style:name="Sect_revData" style:family="section" xmlns:style="urn:oasis:names:tc:opendocument:xmlns:style:1.0">
    <style:section-properties text:dont-balance-text-columns="false" style:editable="false" xmlns:text="urn:oasis:names:tc:opendocument:xmlns:text:1.0">
      <style:columns fo:column-count="2" xmlns:fo="urn:oasis:names:tc:opendocument:xmlns:xsl-fo-compatible:1.0">
        <style:column style:rel-width="3.02231*" fo:start-indent="0in" fo:end-indent="0.08333334in" />
        <style:column style:rel-width="3.02231*" fo:start-indent="0.08333334in" fo:end-indent="0in" />
        <style:column-sep style:width="1pt" style:color="#808080" />
      </style:columns>
    </style:section-properties>
  </style:style>
</office:automatic-styles><office:body><office:text><text:variable-decls><text:variable-decl office:value-type="string" text:name="Left_Guideword_L" /><text:variable-decl office:value-type="string" text:name="RLeft_Guideword_L" /><text:variable-decl office:value-type="string" text:name="Right_Guideword_R" /><text:variable-decl office:value-type="string" text:name="RRight_Guideword_R" /></text:variable-decls><text:sequence-decls><text:sequence-decl text:display-outline-level="0" text:name="Illustration" /><text:sequence-decl text:display-outline-level="0" text:name="Table" /><text:sequence-decl text:display-outline-level="0" text:name="Text" /><text:sequence-decl text:display-outline-level="0" text:name="Drawing" /></text:sequence-decls><text:p text:style-name="P4" /><text:section text:style-name="Sect_letHead" text:name="Sect_letHead"><text:p text:style-name="letter_letHead_dicBody">A a<text:variable-set text:name="Left_Guideword_L" text:display="none" text:formula="ooow: " office:value-type="string" office:string-value="" /><text:variable-set text:name="RLeft_Guideword_L" text:display="none" text:formula="ooow: abə́ŋgɛ́l" office:value-type="string" office:string-value="abə́ŋgɛ́l" /></text:p></text:section><text:section text:style-name="Sect_letData" text:name="Sect_letData"><text:p text:style-name="entry_letData_dicBody"><text:span text:style-name="headword_.bss-fonipa_entry_letData_dicBody">abə́ŋgɛ́l</text:span><text:span text:style-name="headword_.bss-fonipa"><text:variable-set text:name="Left_Guideword_L" text:display="none" text:formula="ooow: " office:value-type="string" office:string-value="" /></text:span><text:span text:style-name="headword_.bss-fonipa"><text:variable-set text:name="RLeft_Guideword_L" text:display="none" text:formula="ooow: abə́ŋgɛ́l" office:value-type="string" office:string-value="abə́ŋgɛ́l" /></text:span><text:span text:style-name="headword_.bss-fonipa"><text:variable-set text:name="Right_Guideword_R" text:display="none" text:formula="ooow: " office:value-type="string" office:string-value="" /></text:span><text:span text:style-name="headword_.bss-fonipa"><text:variable-set text:name="RRight_Guideword_R" text:display="none" text:formula="ooow: abə́ŋgɛ́l" office:value-type="string" office:string-value="abə́ŋgɛ́l" /></text:span><text:span /><text:s text:c="1" /><text:span text:style-name="span_.en_etymology_entry_letData_dicBody"> (</text:span><text:span text:style-name="span_.en_LexEtymologypublishRootEtymologySourcePub_etymology_entry_letData_dicBody">From </text:span><text:span text:style-name="xitem_.en_LexEtymologypublishRootEtymologySourcePub_etymology_entry_letData_dicBody">English ?</text:span><text:span text:style-name="span_.en_LexEtymologypublishRootEtymologySourcePub_etymology_entry_letData_dicBody">: </text:span><text:span text:style-name="span_.bss-fonipa_etymologyform_.bss-fonipa_etymology_entry_letData_dicBody">bangle</text:span><text:span text:style-name="span_.en_etymology_entry_letData_dicBody">) </text:span><text:span text:style-name="span_.en_crossreftype_.en_crossrefs_entry_letData_dicBody">Cf. </text:span><text:span text:style-name="span_.en_crossreftype_.en_crossrefs_entry_letData_dicBody">: </text:span><text:span text:style-name="crossref_.bss-fonipa_a_xitem_crossreftargets_crossrefs_entry_letData_dicBody">mebə́ŋgɛ́l</text:span><text:span text:style-name="span_.en_crossreftargets_crossrefs_entry_letData_dicBody">, </text:span><text:span text:style-name="crossref_.bss-fonipa_a_xitem_crossreftargets_crossrefs_entry_letData_dicBody">bə́ŋgɛ́lɛ́ʼ bəŋgɛlɛʼ</text:span><text:span text:style-name="span_.en_crossrefs_entry_letData_dicBody">. </text:span><text:span text:style-name="span_.en_partofspeech_.en_grammaticalinfo_sense_senses_entry_letData_dicBody">n</text:span><text:s text:c="1" /><text:span text:style-name="span_.en_definition_.en_sense_senses_entry_letData_dicBody">rattles worn by juju round the waist</text:span><text:span text:style-name="span_.en_lexreftype_.en_relations_sense_senses_entry_letData_dicBody">Syn.</text:span><text:span text:style-name="span_.en_lexreftype_.en_relations_sense_senses_entry_letData_dicBody">: </text:span><text:span text:style-name="sensecrossref_.bss-fonipa_a_lexreftargets_relations_sense_senses_entry_letData_dicBody">kɔ̂l</text:span><text:span text:style-name="xhomographnumber_sensecrossref_.bss-fonipa_a_lexreftargets_relations_sense_senses_entry_letData_dicBody">1</text:span><text:span text:style-name="xsensexrefnumber_sensecrossref_.bss-fonipa_a_lexreftargets_relations_sense_senses_entry_letData_dicBody">  2</text:span><text:span text:style-name="span_.en_relations_sense_senses_entry_letData_dicBody">. </text:span><text:span text:style-name="span_.en_semanticdomains_sense_senses_entry_letData_dicBody">(sem. domains: </text:span><text:span text:style-name="span_.en_semanticdomainabbr_.en_xitem_semanticdomains_sense_senses_entry_letData_dicBody">entertainment</text:span><text:span text:style-name="span_.en_semanticdomainabbr_.en_xitem_semanticdomains_sense_senses_entry_letData_dicBody"> - </text:span><text:span text:style-name="span_.en_semanticdomainname_.en_xitem_semanticdomains_sense_senses_entry_letData_dicBody">entertainment</text:span><text:span text:style-name="span_.en_semanticdomains_sense_senses_entry_letData_dicBody">, </text:span><text:span text:style-name="span_.en_semanticdomainabbr_.en_xitem_semanticdomains_sense_senses_entry_letData_dicBody">4.2.3</text:span><text:span text:style-name="span_.en_semanticdomainabbr_.en_xitem_semanticdomains_sense_senses_entry_letData_dicBody"> - </text:span><text:span text:style-name="span_.en_semanticdomainname_.en_xitem_semanticdomains_sense_senses_entry_letData_dicBody">Music</text:span><text:span text:style-name="span_.en_semanticdomains_sense_senses_entry_letData_dicBody">, </text:span><text:span text:style-name="span_.en_semanticdomainabbr_.en_xitem_semanticdomains_sense_senses_entry_letData_dicBody">---</text:span><text:span text:style-name="span_.en_semanticdomainabbr_.en_xitem_semanticdomains_sense_senses_entry_letData_dicBody"> - </text:span><text:span text:style-name="span_.en_semanticdomainname_.en_xitem_semanticdomains_sense_senses_entry_letData_dicBody">Word list WS</text:span><text:span text:style-name="span_.en_semanticdomains_sense_senses_entry_letData_dicBody">.) </text:span></text:p></text:section></office:text></office:body></office:document-content>